
== arrive ==
render:set_presentation_mode
render:set_presentation_mode
render:set_presentation_mode
manage:get_seat
manage:get_xkb_binding
manage:get_xkb_binding
manage:get_xkb_binding
manage:get_xkb_binding
manage:get_xkb_binding
manage:get_xkb_binding
manage:get_xkb_binding
manage:get_xkb_binding
manage:get_xkb_binding
manage:get_xkb_binding
manage:get_xkb_binding
manage:get_xkb_binding
manage:get_xkb_binding
manage:get_xkb_binding
manage:get_xkb_binding
manage:get_xkb_binding
manage:get_xkb_binding
manage:get_xkb_binding
manage:get_xkb_binding
manage:get_xkb_binding
manage:get_xkb_binding
manage:get_xkb_binding
manage:get_xkb_binding
manage:get_xkb_binding
manage:get_xkb_binding
manage:get_xkb_binding
manage:get_xkb_binding
manage:get_xkb_binding
manage:get_xkb_binding
manage:get_xkb_binding
manage:get_xkb_binding
manage:get_xkb_binding
manage:get_xkb_binding
manage:get_xkb_binding
manage:get_xkb_binding
manage:get_xkb_binding
manage:get_xkb_binding
manage:get_xkb_binding
manage:get_pointer_binding(seat0)
manage:get_pointer_binding(seat0)
manage:clear_focus(seat0)
manage:enable
manage:enable
manage:enable
manage:enable
manage:enable
manage:enable
manage:enable
manage:enable
manage:enable
manage:enable
manage:enable
manage:enable
manage:enable
manage:enable
manage:enable
manage:enable
manage:enable
manage:enable
manage:enable
manage:enable
manage:enable
manage:enable
manage:enable
manage:enable
manage:enable
manage:enable
manage:enable
manage:enable
manage:enable
manage:enable
manage:enable
manage:enable
manage:enable
manage:enable
manage:enable
manage:enable
manage:enable
manage:enable
manage:enable
manage:enable
manage:op_end(seat0)
manage:clear_focus(seat0)
manage:op_end(seat0)
render:set_presentation_mode
render:set_presentation_mode
manage:get_node(kitty)
manage:set_capabilities(kitty)
manage:propose_dimensions(kitty, 1872x1032)
manage:set_tiled(kitty)
manage:use_ssd(kitty)
manage:inform_unmaximized(kitty)
manage:inform_not_fullscreen(kitty)
manage:inform_resize_end(kitty)
manage:focus_window(seat0, kitty)
manage:op_end(seat0)
manage:focus_window(seat0, kitty)
manage:op_end(seat0)
render:set_borders(kitty, w=4, rgba=7f7f7f7f b4b4b4b4 cacacaca ffffffff)
render:set_position(kitty, 24, 24)
render:show(kitty)
render:set_clip_box(kitty, 0, 0, 0x0)
render:set_content_clip_box(kitty, 0, 0, 0x0)
render:place_top(kitty)
render:set_presentation_mode
render:set_position(kitty, 24, 24)
render:show(kitty)
render:set_clip_box(kitty, 0, 0, 0x0)
render:set_content_clip_box(kitty, 0, 0, 0x0)
render:place_top(kitty)
render:set_presentation_mode
manage:get_node(emacs)
manage:set_capabilities(emacs)
manage:propose_dimensions(emacs, 1021x1032)
manage:set_tiled(emacs)
manage:use_ssd(emacs)
manage:inform_unmaximized(emacs)
manage:inform_not_fullscreen(emacs)
manage:inform_resize_end(emacs)
manage:propose_dimensions(kitty, 833x1032)
manage:focus_window(seat0, emacs)
manage:op_end(seat0)
manage:focus_window(seat0, emacs)
manage:op_end(seat0)
render:set_borders(emacs, w=4, rgba=7f7f7f7f b4b4b4b4 cacacaca ffffffff)
render:set_borders(kitty, w=4, rgba=72727272 71717171 69696969 ffffffff)
render:set_position(emacs, 24, 24)
render:show(emacs)
render:set_clip_box(emacs, 0, 0, 0x0)
render:set_content_clip_box(emacs, 0, 0, 0x0)
render:set_position(kitty, 1063, 24)
render:show(kitty)
render:set_clip_box(kitty, 0, 0, 0x0)
render:set_content_clip_box(kitty, 0, 0, 0x0)
render:place_top(kitty)
render:place_top(emacs)
render:set_presentation_mode
render:set_position(emacs, 24, 24)
render:show(emacs)
render:set_clip_box(emacs, 0, 0, 0x0)
render:set_content_clip_box(emacs, 0, 0, 0x0)
render:set_position(kitty, 1063, 24)
render:show(kitty)
render:set_clip_box(kitty, 0, 0, 0x0)
render:set_content_clip_box(kitty, 0, 0, 0x0)
render:place_top(kitty)
render:place_top(emacs)
render:set_presentation_mode

== window focus match --app-id=kitty ==
manage:focus_window(seat0, kitty)
manage:op_end(seat0)
render:set_borders(emacs, w=4, rgba=72727272 71717171 69696969 ffffffff)
render:set_borders(kitty, w=4, rgba=7f7f7f7f b4b4b4b4 cacacaca ffffffff)
render:set_position(emacs, 24, 24)
render:show(emacs)
render:set_clip_box(emacs, 0, 0, 0x0)
render:set_content_clip_box(emacs, 0, 0, 0x0)
render:set_position(kitty, 1063, 24)
render:show(kitty)
render:set_clip_box(kitty, 0, 0, 0x0)
render:set_content_clip_box(kitty, 0, 0, 0x0)
render:place_top(emacs)
render:place_top(kitty)
render:set_presentation_mode

== window label add scratch ==
manage:focus_window(seat0, kitty)
manage:op_end(seat0)
render:set_position(emacs, 24, 24)
render:show(emacs)
render:set_clip_box(emacs, 0, 0, 0x0)
render:set_content_clip_box(emacs, 0, 0, 0x0)
render:set_position(kitty, 1063, 24)
render:show(kitty)
render:set_clip_box(kitty, 0, 0, 0x0)
render:set_content_clip_box(kitty, 0, 0, 0x0)
render:place_top(emacs)
render:place_top(kitty)
render:set_presentation_mode

== window label add term ==
manage:focus_window(seat0, kitty)
manage:op_end(seat0)
render:set_position(emacs, 24, 24)
render:show(emacs)
render:set_clip_box(emacs, 0, 0, 0x0)
render:set_content_clip_box(emacs, 0, 0, 0x0)
render:set_position(kitty, 1063, 24)
render:show(kitty)
render:set_clip_box(kitty, 0, 0, 0x0)
render:set_content_clip_box(kitty, 0, 0, 0x0)
render:place_top(emacs)
render:place_top(kitty)
render:set_presentation_mode

== window label add scratch ==
manage:focus_window(seat0, kitty)
manage:op_end(seat0)
render:set_position(emacs, 24, 24)
render:show(emacs)
render:set_clip_box(emacs, 0, 0, 0x0)
render:set_content_clip_box(emacs, 0, 0, 0x0)
render:set_position(kitty, 1063, 24)
render:show(kitty)
render:set_clip_box(kitty, 0, 0, 0x0)
render:set_content_clip_box(kitty, 0, 0, 0x0)
render:place_top(emacs)
render:place_top(kitty)
render:set_presentation_mode

== window list ==
0: id=2 identifier=null title=emacs app_id=emacs output=FAKE-1 tags=1 focused=false urgent=false captured=false hidden=false presentation=tiled sticky=off scratchpad=null stashed=false swallowing=false labels=
1: id=1 identifier=null title=kitty app_id=kitty output=FAKE-1 tags=1 focused=true urgent=false captured=false hidden=false presentation=tiled sticky=off scratchpad=null stashed=false swallowing=false labels=scratch term
manage:focus_window(seat0, kitty)
manage:op_end(seat0)
render:set_position(emacs, 24, 24)
render:show(emacs)
render:set_clip_box(emacs, 0, 0, 0x0)
render:set_content_clip_box(emacs, 0, 0, 0x0)
render:set_position(kitty, 1063, 24)
render:show(kitty)
render:set_clip_box(kitty, 0, 0, 0x0)
render:set_content_clip_box(kitty, 0, 0, 0x0)
render:place_top(emacs)
render:place_top(kitty)
render:set_presentation_mode

== window label remove scratch ==
manage:focus_window(seat0, kitty)
manage:op_end(seat0)
render:set_position(emacs, 24, 24)
render:show(emacs)
render:set_clip_box(emacs, 0, 0, 0x0)
render:set_content_clip_box(emacs, 0, 0, 0x0)
render:set_position(kitty, 1063, 24)
render:show(kitty)
render:set_clip_box(kitty, 0, 0, 0x0)
render:set_content_clip_box(kitty, 0, 0, 0x0)
render:place_top(emacs)
render:place_top(kitty)
render:set_presentation_mode

== window list ==
0: id=2 identifier=null title=emacs app_id=emacs output=FAKE-1 tags=1 focused=false urgent=false captured=false hidden=false presentation=tiled sticky=off scratchpad=null stashed=false swallowing=false labels=
1: id=1 identifier=null title=kitty app_id=kitty output=FAKE-1 tags=1 focused=true urgent=false captured=false hidden=false presentation=tiled sticky=off scratchpad=null stashed=false swallowing=false labels=term
manage:focus_window(seat0, kitty)
manage:op_end(seat0)
render:set_position(emacs, 24, 24)
render:show(emacs)
render:set_clip_box(emacs, 0, 0, 0x0)
render:set_content_clip_box(emacs, 0, 0, 0x0)
render:set_position(kitty, 1063, 24)
render:show(kitty)
render:set_clip_box(kitty, 0, 0, 0x0)
render:set_content_clip_box(kitty, 0, 0, 0x0)
render:place_top(emacs)
render:place_top(kitty)
render:set_presentation_mode

== output label add main ==
manage:focus_window(seat0, kitty)
manage:op_end(seat0)
render:set_position(emacs, 24, 24)
render:show(emacs)
render:set_clip_box(emacs, 0, 0, 0x0)
render:set_content_clip_box(emacs, 0, 0, 0x0)
render:set_position(kitty, 1063, 24)
render:show(kitty)
render:set_clip_box(kitty, 0, 0, 0x0)
render:set_content_clip_box(kitty, 0, 0, 0x0)
render:place_top(emacs)
render:place_top(kitty)
render:set_presentation_mode

== output list ==
0: name=FAKE-1 labels=main focused=true captured=false
manage:focus_window(seat0, kitty)
manage:op_end(seat0)
render:set_position(emacs, 24, 24)
render:show(emacs)
render:set_clip_box(emacs, 0, 0, 0x0)
render:set_content_clip_box(emacs, 0, 0, 0x0)
render:set_position(kitty, 1063, 24)
render:show(kitty)
render:set_clip_box(kitty, 0, 0, 0x0)
render:set_content_clip_box(kitty, 0, 0, 0x0)
render:place_top(emacs)
render:place_top(kitty)
render:set_presentation_mode

== window label add  ==
err: Usage: [01moxctl window label add[m [[01m--help[m] [[04mOPTION[m]… [04mLABEL[m
err: oxctl: [04mLABEL[m argument: label must not be empty
exit: 124

== output label add  ==
err: Usage: [01moxctl output label add[m [[01m--help[m] [[04mOPTION[m]… [04mLABEL[m
err: oxctl: [04mLABEL[m argument: label must not be empty
exit: 124

== window focus match --app-id=emacs ==
manage:focus_window(seat0, emacs)
manage:op_end(seat0)
render:set_borders(emacs, w=4, rgba=7f7f7f7f b4b4b4b4 cacacaca ffffffff)
render:set_borders(kitty, w=4, rgba=72727272 71717171 69696969 ffffffff)
render:set_position(emacs, 24, 24)
render:show(emacs)
render:set_clip_box(emacs, 0, 0, 0x0)
render:set_content_clip_box(emacs, 0, 0, 0x0)
render:set_position(kitty, 1063, 24)
render:show(kitty)
render:set_clip_box(kitty, 0, 0, 0x0)
render:set_content_clip_box(kitty, 0, 0, 0x0)
render:place_top(kitty)
render:place_top(emacs)
render:set_presentation_mode

== window label add term ==
manage:focus_window(seat0, emacs)
manage:op_end(seat0)
render:set_position(emacs, 24, 24)
render:show(emacs)
render:set_clip_box(emacs, 0, 0, 0x0)
render:set_content_clip_box(emacs, 0, 0, 0x0)
render:set_position(kitty, 1063, 24)
render:show(kitty)
render:set_clip_box(kitty, 0, 0, 0x0)
render:set_content_clip_box(kitty, 0, 0, 0x0)
render:place_top(kitty)
render:place_top(emacs)
render:set_presentation_mode

== window focus match --label=term ==
manage:focus_window(seat0, emacs)
manage:op_end(seat0)
render:set_position(emacs, 24, 24)
render:show(emacs)
render:set_clip_box(emacs, 0, 0, 0x0)
render:set_content_clip_box(emacs, 0, 0, 0x0)
render:set_position(kitty, 1063, 24)
render:show(kitty)
render:set_clip_box(kitty, 0, 0, 0x0)
render:set_content_clip_box(kitty, 0, 0, 0x0)
render:place_top(kitty)
render:place_top(emacs)
render:set_presentation_mode

== window focus match --cycle --label=term ==
manage:focus_window(seat0, kitty)
manage:op_end(seat0)
render:set_borders(emacs, w=4, rgba=72727272 71717171 69696969 ffffffff)
render:set_borders(kitty, w=4, rgba=7f7f7f7f b4b4b4b4 cacacaca ffffffff)
render:set_position(emacs, 24, 24)
render:show(emacs)
render:set_clip_box(emacs, 0, 0, 0x0)
render:set_content_clip_box(emacs, 0, 0, 0x0)
render:set_position(kitty, 1063, 24)
render:show(kitty)
render:set_clip_box(kitty, 0, 0, 0x0)
render:set_content_clip_box(kitty, 0, 0, 0x0)
render:place_top(emacs)
render:place_top(kitty)
render:set_presentation_mode

== window list --label=te.* ==
0: id=2 identifier=null title=emacs app_id=emacs output=FAKE-1 tags=1 focused=false urgent=false captured=false hidden=false presentation=tiled sticky=off scratchpad=null stashed=false swallowing=false labels=term
1: id=1 identifier=null title=kitty app_id=kitty output=FAKE-1 tags=1 focused=true urgent=false captured=false hidden=false presentation=tiled sticky=off scratchpad=null stashed=false swallowing=false labels=term
manage:focus_window(seat0, kitty)
manage:op_end(seat0)
render:set_position(emacs, 24, 24)
render:show(emacs)
render:set_clip_box(emacs, 0, 0, 0x0)
render:set_content_clip_box(emacs, 0, 0, 0x0)
render:set_position(kitty, 1063, 24)
render:show(kitty)
render:set_clip_box(kitty, 0, 0, 0x0)
render:set_content_clip_box(kitty, 0, 0, 0x0)
render:place_top(emacs)
render:place_top(kitty)
render:set_presentation_mode

== window list --label=none ==

manage:focus_window(seat0, kitty)
manage:op_end(seat0)
render:set_position(emacs, 24, 24)
render:show(emacs)
render:set_clip_box(emacs, 0, 0, 0x0)
render:set_content_clip_box(emacs, 0, 0, 0x0)
render:set_position(kitty, 1063, 24)
render:show(kitty)
render:set_clip_box(kitty, 0, 0, 0x0)
render:set_content_clip_box(kitty, 0, 0, 0x0)
render:place_top(emacs)
render:place_top(kitty)
render:set_presentation_mode

== window rules add --label-as=video_player --app-id=mpv ==
manage:focus_window(seat0, kitty)
manage:op_end(seat0)
render:set_position(emacs, 24, 24)
render:show(emacs)
render:set_clip_box(emacs, 0, 0, 0x0)
render:set_content_clip_box(emacs, 0, 0, 0x0)
render:set_position(kitty, 1063, 24)
render:show(kitty)
render:set_clip_box(kitty, 0, 0, 0x0)
render:set_content_clip_box(kitty, 0, 0, 0x0)
render:place_top(emacs)
render:place_top(kitty)
render:set_presentation_mode

== window rules add --label-as=browser --app-id=firefox ==
manage:focus_window(seat0, kitty)
manage:op_end(seat0)
render:set_position(emacs, 24, 24)
render:show(emacs)
render:set_clip_box(emacs, 0, 0, 0x0)
render:set_content_clip_box(emacs, 0, 0, 0x0)
render:set_position(kitty, 1063, 24)
render:show(kitty)
render:set_clip_box(kitty, 0, 0, 0x0)
render:set_content_clip_box(kitty, 0, 0, 0x0)
render:place_top(emacs)
render:place_top(kitty)
render:set_presentation_mode

== test label-as rule ==
manage:get_node(firefox)
manage:set_capabilities(firefox)
manage:propose_dimensions(firefox, 1021x1032)
manage:set_tiled(firefox)
manage:use_ssd(firefox)
manage:inform_unmaximized(firefox)
manage:inform_not_fullscreen(firefox)
manage:inform_resize_end(firefox)
manage:propose_dimensions(emacs, 833x507)
manage:propose_dimensions(kitty, 833x507)
manage:focus_window(seat0, firefox)
manage:op_end(seat0)
manage:focus_window(seat0, firefox)
manage:op_end(seat0)
render:set_borders(firefox, w=4, rgba=7f7f7f7f b4b4b4b4 cacacaca ffffffff)
render:set_borders(kitty, w=4, rgba=72727272 71717171 69696969 ffffffff)
render:set_position(firefox, 24, 24)
render:show(firefox)
render:set_clip_box(firefox, 0, 0, 0x0)
render:set_content_clip_box(firefox, 0, 0, 0x0)
render:set_position(emacs, 1063, 24)
render:show(emacs)
render:set_clip_box(emacs, 0, 0, 0x0)
render:set_content_clip_box(emacs, 0, 0, 0x0)
render:set_position(kitty, 1063, 549)
render:show(kitty)
render:set_clip_box(kitty, 0, 0, 0x0)
render:set_content_clip_box(kitty, 0, 0, 0x0)
render:place_top(emacs)
render:place_top(kitty)
render:place_top(firefox)
render:set_presentation_mode
render:set_position(firefox, 24, 24)
render:show(firefox)
render:set_clip_box(firefox, 0, 0, 0x0)
render:set_content_clip_box(firefox, 0, 0, 0x0)
render:set_position(emacs, 1063, 24)
render:show(emacs)
render:set_clip_box(emacs, 0, 0, 0x0)
render:set_content_clip_box(emacs, 0, 0, 0x0)
render:set_position(kitty, 1063, 549)
render:show(kitty)
render:set_clip_box(kitty, 0, 0, 0x0)
render:set_content_clip_box(kitty, 0, 0, 0x0)
render:place_top(emacs)
render:place_top(kitty)
render:place_top(firefox)
render:set_presentation_mode
manage:get_node(mpv)
manage:set_capabilities(mpv)
manage:propose_dimensions(mpv, 1021x1032)
manage:set_tiled(mpv)
manage:use_ssd(mpv)
manage:inform_unmaximized(mpv)
manage:inform_not_fullscreen(mpv)
manage:inform_resize_end(mpv)
manage:propose_dimensions(firefox, 833x332)
manage:propose_dimensions(emacs, 833x332)
manage:propose_dimensions(kitty, 833x332)
manage:focus_window(seat0, mpv)
manage:op_end(seat0)
manage:focus_window(seat0, mpv)
manage:op_end(seat0)
render:set_borders(mpv, w=4, rgba=7f7f7f7f b4b4b4b4 cacacaca ffffffff)
render:set_borders(firefox, w=4, rgba=72727272 71717171 69696969 ffffffff)
render:set_position(mpv, 24, 24)
render:show(mpv)
render:set_clip_box(mpv, 0, 0, 0x0)
render:set_content_clip_box(mpv, 0, 0, 0x0)
render:set_position(firefox, 1063, 24)
render:show(firefox)
render:set_clip_box(firefox, 0, 0, 0x0)
render:set_content_clip_box(firefox, 0, 0, 0x0)
render:set_position(emacs, 1063, 374)
render:show(emacs)
render:set_clip_box(emacs, 0, 0, 0x0)
render:set_content_clip_box(emacs, 0, 0, 0x0)
render:set_position(kitty, 1063, 724)
render:show(kitty)
render:set_clip_box(kitty, 0, 0, 0x0)
render:set_content_clip_box(kitty, 0, 0, 0x0)
render:place_top(emacs)
render:place_top(kitty)
render:place_top(firefox)
render:place_top(mpv)
render:set_presentation_mode
render:set_position(mpv, 24, 24)
render:show(mpv)
render:set_clip_box(mpv, 0, 0, 0x0)
render:set_content_clip_box(mpv, 0, 0, 0x0)
render:set_position(firefox, 1063, 24)
render:show(firefox)
render:set_clip_box(firefox, 0, 0, 0x0)
render:set_content_clip_box(firefox, 0, 0, 0x0)
render:set_position(emacs, 1063, 374)
render:show(emacs)
render:set_clip_box(emacs, 0, 0, 0x0)
render:set_content_clip_box(emacs, 0, 0, 0x0)
render:set_position(kitty, 1063, 724)
render:show(kitty)
render:set_clip_box(kitty, 0, 0, 0x0)
render:set_content_clip_box(kitty, 0, 0, 0x0)
render:place_top(emacs)
render:place_top(kitty)
render:place_top(firefox)
render:place_top(mpv)
render:set_presentation_mode

== window list --label=video_player ==
0: id=4 identifier=null title=mpv app_id=mpv output=FAKE-1 tags=1 focused=true urgent=false captured=false hidden=false presentation=tiled sticky=off scratchpad=null stashed=false swallowing=false labels=video_player
manage:focus_window(seat0, mpv)
manage:op_end(seat0)
render:set_position(mpv, 24, 24)
render:show(mpv)
render:set_clip_box(mpv, 0, 0, 0x0)
render:set_content_clip_box(mpv, 0, 0, 0x0)
render:set_position(firefox, 1063, 24)
render:show(firefox)
render:set_clip_box(firefox, 0, 0, 0x0)
render:set_content_clip_box(firefox, 0, 0, 0x0)
render:set_position(emacs, 1063, 374)
render:show(emacs)
render:set_clip_box(emacs, 0, 0, 0x0)
render:set_content_clip_box(emacs, 0, 0, 0x0)
render:set_position(kitty, 1063, 724)
render:show(kitty)
render:set_clip_box(kitty, 0, 0, 0x0)
render:set_content_clip_box(kitty, 0, 0, 0x0)
render:place_top(emacs)
render:place_top(kitty)
render:place_top(firefox)
render:place_top(mpv)
render:set_presentation_mode

== window list --label=browser ==
0: id=3 identifier=null title=firefox app_id=firefox output=FAKE-1 tags=1 focused=false urgent=false captured=false hidden=false presentation=tiled sticky=off scratchpad=null stashed=false swallowing=false labels=browser
manage:focus_window(seat0, mpv)
manage:op_end(seat0)
render:set_position(mpv, 24, 24)
render:show(mpv)
render:set_clip_box(mpv, 0, 0, 0x0)
render:set_content_clip_box(mpv, 0, 0, 0x0)
render:set_position(firefox, 1063, 24)
render:show(firefox)
render:set_clip_box(firefox, 0, 0, 0x0)
render:set_content_clip_box(firefox, 0, 0, 0x0)
render:set_position(emacs, 1063, 374)
render:show(emacs)
render:set_clip_box(emacs, 0, 0, 0x0)
render:set_content_clip_box(emacs, 0, 0, 0x0)
render:set_position(kitty, 1063, 724)
render:show(kitty)
render:set_clip_box(kitty, 0, 0, 0x0)
render:set_content_clip_box(kitty, 0, 0, 0x0)
render:place_top(emacs)
render:place_top(kitty)
render:place_top(firefox)
render:place_top(mpv)
render:set_presentation_mode

== test output labels ==
manage:focus_window(seat0, mpv)
manage:op_end(seat0)
manage:focus_window(seat0, mpv)
manage:op_end(seat0)
render:set_position(mpv, 24, 24)
render:show(mpv)
render:set_clip_box(mpv, 0, 0, 0x0)
render:set_content_clip_box(mpv, 0, 0, 0x0)
render:set_position(firefox, 1063, 24)
render:show(firefox)
render:set_clip_box(firefox, 0, 0, 0x0)
render:set_content_clip_box(firefox, 0, 0, 0x0)
render:set_position(emacs, 1063, 374)
render:show(emacs)
render:set_clip_box(emacs, 0, 0, 0x0)
render:set_content_clip_box(emacs, 0, 0, 0x0)
render:set_position(kitty, 1063, 724)
render:show(kitty)
render:set_clip_box(kitty, 0, 0, 0x0)
render:set_content_clip_box(kitty, 0, 0, 0x0)
render:set_presentation_mode
render:place_top(emacs)
render:place_top(kitty)
render:place_top(firefox)
render:place_top(mpv)
render:set_presentation_mode
manage:focus_window(seat0, mpv)
manage:op_end(seat0)
render:set_position(mpv, 24, 24)
render:show(mpv)
render:set_clip_box(mpv, 0, 0, 0x0)
render:set_content_clip_box(mpv, 0, 0, 0x0)
render:set_position(firefox, 1063, 24)
render:show(firefox)
render:set_clip_box(firefox, 0, 0, 0x0)
render:set_content_clip_box(firefox, 0, 0, 0x0)
render:set_position(emacs, 1063, 374)
render:show(emacs)
render:set_clip_box(emacs, 0, 0, 0x0)
render:set_content_clip_box(emacs, 0, 0, 0x0)
render:set_position(kitty, 1063, 724)
render:show(kitty)
render:set_clip_box(kitty, 0, 0, 0x0)
render:set_content_clip_box(kitty, 0, 0, 0x0)
render:set_presentation_mode
render:place_top(emacs)
render:place_top(kitty)
render:place_top(firefox)
render:place_top(mpv)
render:set_presentation_mode
render:set_position(mpv, 24, 24)
render:show(mpv)
render:set_clip_box(mpv, 0, 0, 0x0)
render:set_content_clip_box(mpv, 0, 0, 0x0)
render:set_position(firefox, 1063, 24)
render:show(firefox)
render:set_clip_box(firefox, 0, 0, 0x0)
render:set_content_clip_box(firefox, 0, 0, 0x0)
render:set_position(emacs, 1063, 374)
render:show(emacs)
render:set_clip_box(emacs, 0, 0, 0x0)
render:set_content_clip_box(emacs, 0, 0, 0x0)
render:set_position(kitty, 1063, 724)
render:show(kitty)
render:set_clip_box(kitty, 0, 0, 0x0)
render:set_content_clip_box(kitty, 0, 0, 0x0)
render:set_presentation_mode
render:place_top(emacs)
render:place_top(kitty)
render:place_top(firefox)
render:place_top(mpv)
render:set_presentation_mode
manage:focus_window(seat0, mpv)
manage:op_end(seat0)
manage:focus_window(seat0, mpv)
manage:op_end(seat0)
render:set_position(mpv, 24, 24)
render:show(mpv)
render:set_clip_box(mpv, 0, 0, 0x0)
render:set_content_clip_box(mpv, 0, 0, 0x0)
render:set_position(firefox, 1063, 24)
render:show(firefox)
render:set_clip_box(firefox, 0, 0, 0x0)
render:set_content_clip_box(firefox, 0, 0, 0x0)
render:set_position(emacs, 1063, 374)
render:show(emacs)
render:set_clip_box(emacs, 0, 0, 0x0)
render:set_content_clip_box(emacs, 0, 0, 0x0)
render:set_position(kitty, 1063, 724)
render:show(kitty)
render:set_clip_box(kitty, 0, 0, 0x0)
render:set_content_clip_box(kitty, 0, 0, 0x0)
render:set_presentation_mode
render:set_presentation_mode
render:place_top(emacs)
render:place_top(kitty)
render:place_top(firefox)
render:place_top(mpv)
render:set_presentation_mode
manage:focus_window(seat0, mpv)
manage:op_end(seat0)
render:set_position(mpv, 24, 24)
render:show(mpv)
render:set_clip_box(mpv, 0, 0, 0x0)
render:set_content_clip_box(mpv, 0, 0, 0x0)
render:set_position(firefox, 1063, 24)
render:show(firefox)
render:set_clip_box(firefox, 0, 0, 0x0)
render:set_content_clip_box(firefox, 0, 0, 0x0)
render:set_position(emacs, 1063, 374)
render:show(emacs)
render:set_clip_box(emacs, 0, 0, 0x0)
render:set_content_clip_box(emacs, 0, 0, 0x0)
render:set_position(kitty, 1063, 724)
render:show(kitty)
render:set_clip_box(kitty, 0, 0, 0x0)
render:set_content_clip_box(kitty, 0, 0, 0x0)
render:set_presentation_mode
render:set_presentation_mode
render:place_top(emacs)
render:place_top(kitty)
render:place_top(firefox)
render:place_top(mpv)
render:set_presentation_mode
render:set_position(mpv, 24, 24)
render:show(mpv)
render:set_clip_box(mpv, 0, 0, 0x0)
render:set_content_clip_box(mpv, 0, 0, 0x0)
render:set_position(firefox, 1063, 24)
render:show(firefox)
render:set_clip_box(firefox, 0, 0, 0x0)
render:set_content_clip_box(firefox, 0, 0, 0x0)
render:set_position(emacs, 1063, 374)
render:show(emacs)
render:set_clip_box(emacs, 0, 0, 0x0)
render:set_content_clip_box(emacs, 0, 0, 0x0)
render:set_position(kitty, 1063, 724)
render:show(kitty)
render:set_clip_box(kitty, 0, 0, 0x0)
render:set_content_clip_box(kitty, 0, 0, 0x0)
render:set_presentation_mode
render:set_presentation_mode
render:place_top(emacs)
render:place_top(kitty)
render:place_top(firefox)
render:place_top(mpv)
render:set_presentation_mode

== output label add --name=FAKE-1 first ==
manage:focus_window(seat0, mpv)
manage:op_end(seat0)
render:set_position(mpv, 24, 24)
render:show(mpv)
render:set_clip_box(mpv, 0, 0, 0x0)
render:set_content_clip_box(mpv, 0, 0, 0x0)
render:set_position(firefox, 1063, 24)
render:show(firefox)
render:set_clip_box(firefox, 0, 0, 0x0)
render:set_content_clip_box(firefox, 0, 0, 0x0)
render:set_position(emacs, 1063, 374)
render:show(emacs)
render:set_clip_box(emacs, 0, 0, 0x0)
render:set_content_clip_box(emacs, 0, 0, 0x0)
render:set_position(kitty, 1063, 724)
render:show(kitty)
render:set_clip_box(kitty, 0, 0, 0x0)
render:set_content_clip_box(kitty, 0, 0, 0x0)
render:set_presentation_mode
render:set_presentation_mode
render:place_top(emacs)
render:place_top(kitty)
render:place_top(firefox)
render:place_top(mpv)
render:set_presentation_mode

== output label add --name=FAKE-2 second ==
manage:focus_window(seat0, mpv)
manage:op_end(seat0)
render:set_position(mpv, 24, 24)
render:show(mpv)
render:set_clip_box(mpv, 0, 0, 0x0)
render:set_content_clip_box(mpv, 0, 0, 0x0)
render:set_position(firefox, 1063, 24)
render:show(firefox)
render:set_clip_box(firefox, 0, 0, 0x0)
render:set_content_clip_box(firefox, 0, 0, 0x0)
render:set_position(emacs, 1063, 374)
render:show(emacs)
render:set_clip_box(emacs, 0, 0, 0x0)
render:set_content_clip_box(emacs, 0, 0, 0x0)
render:set_position(kitty, 1063, 724)
render:show(kitty)
render:set_clip_box(kitty, 0, 0, 0x0)
render:set_content_clip_box(kitty, 0, 0, 0x0)
render:set_presentation_mode
render:set_presentation_mode
render:place_top(emacs)
render:place_top(kitty)
render:place_top(firefox)
render:place_top(mpv)
render:set_presentation_mode

== output label add --name=FAKE-3 third ==
manage:focus_window(seat0, mpv)
manage:op_end(seat0)
render:set_position(mpv, 24, 24)
render:show(mpv)
render:set_clip_box(mpv, 0, 0, 0x0)
render:set_content_clip_box(mpv, 0, 0, 0x0)
render:set_position(firefox, 1063, 24)
render:show(firefox)
render:set_clip_box(firefox, 0, 0, 0x0)
render:set_content_clip_box(firefox, 0, 0, 0x0)
render:set_position(emacs, 1063, 374)
render:show(emacs)
render:set_clip_box(emacs, 0, 0, 0x0)
render:set_content_clip_box(emacs, 0, 0, 0x0)
render:set_position(kitty, 1063, 724)
render:show(kitty)
render:set_clip_box(kitty, 0, 0, 0x0)
render:set_content_clip_box(kitty, 0, 0, 0x0)
render:set_presentation_mode
render:set_presentation_mode
render:place_top(emacs)
render:place_top(kitty)
render:place_top(firefox)
render:place_top(mpv)
render:set_presentation_mode

== output focus match --label=second ==
manage:clear_focus(seat0)
manage:op_end(seat0)
render:set_borders(mpv, w=4, rgba=72727272 71717171 69696969 ffffffff)
render:set_position(mpv, 24, 24)
render:show(mpv)
render:set_clip_box(mpv, 0, 0, 0x0)
render:set_content_clip_box(mpv, 0, 0, 0x0)
render:set_position(firefox, 1063, 24)
render:show(firefox)
render:set_clip_box(firefox, 0, 0, 0x0)
render:set_content_clip_box(firefox, 0, 0, 0x0)
render:set_position(emacs, 1063, 374)
render:show(emacs)
render:set_clip_box(emacs, 0, 0, 0x0)
render:set_content_clip_box(emacs, 0, 0, 0x0)
render:set_position(kitty, 1063, 724)
render:show(kitty)
render:set_clip_box(kitty, 0, 0, 0x0)
render:set_content_clip_box(kitty, 0, 0, 0x0)
render:set_presentation_mode
render:set_presentation_mode
render:place_top(emacs)
render:place_top(kitty)
render:place_top(firefox)
render:place_top(mpv)
render:set_presentation_mode
manage:clear_focus(seat0)
manage:op_end(seat0)
render:set_position(mpv, 24, 24)
render:show(mpv)
render:set_clip_box(mpv, 0, 0, 0x0)
render:set_content_clip_box(mpv, 0, 0, 0x0)
render:set_position(firefox, 1063, 24)
render:show(firefox)
render:set_clip_box(firefox, 0, 0, 0x0)
render:set_content_clip_box(firefox, 0, 0, 0x0)
render:set_position(emacs, 1063, 374)
render:show(emacs)
render:set_clip_box(emacs, 0, 0, 0x0)
render:set_content_clip_box(emacs, 0, 0, 0x0)
render:set_position(kitty, 1063, 724)
render:show(kitty)
render:set_clip_box(kitty, 0, 0, 0x0)
render:set_content_clip_box(kitty, 0, 0, 0x0)
render:set_presentation_mode
render:set_presentation_mode
render:place_top(emacs)
render:place_top(kitty)
render:place_top(firefox)
render:place_top(mpv)
render:set_presentation_mode

== output list ==
0: name=FAKE-3 labels=third focused=false captured=false
1: name=FAKE-2 labels=second focused=true captured=false
2: name=FAKE-1 labels=first main focused=false captured=false
manage:clear_focus(seat0)
manage:op_end(seat0)
render:set_position(mpv, 24, 24)
render:show(mpv)
render:set_clip_box(mpv, 0, 0, 0x0)
render:set_content_clip_box(mpv, 0, 0, 0x0)
render:set_position(firefox, 1063, 24)
render:show(firefox)
render:set_clip_box(firefox, 0, 0, 0x0)
render:set_content_clip_box(firefox, 0, 0, 0x0)
render:set_position(emacs, 1063, 374)
render:show(emacs)
render:set_clip_box(emacs, 0, 0, 0x0)
render:set_content_clip_box(emacs, 0, 0, 0x0)
render:set_position(kitty, 1063, 724)
render:show(kitty)
render:set_clip_box(kitty, 0, 0, 0x0)
render:set_content_clip_box(kitty, 0, 0, 0x0)
render:set_presentation_mode
render:set_presentation_mode
render:place_top(emacs)
render:place_top(kitty)
render:place_top(firefox)
render:place_top(mpv)
render:set_presentation_mode

== output focus match --label=first ==
manage:focus_window(seat0, mpv)
manage:op_end(seat0)
render:set_borders(mpv, w=4, rgba=7f7f7f7f b4b4b4b4 cacacaca ffffffff)
render:set_position(mpv, 24, 24)
render:show(mpv)
render:set_clip_box(mpv, 0, 0, 0x0)
render:set_content_clip_box(mpv, 0, 0, 0x0)
render:set_position(firefox, 1063, 24)
render:show(firefox)
render:set_clip_box(firefox, 0, 0, 0x0)
render:set_content_clip_box(firefox, 0, 0, 0x0)
render:set_position(emacs, 1063, 374)
render:show(emacs)
render:set_clip_box(emacs, 0, 0, 0x0)
render:set_content_clip_box(emacs, 0, 0, 0x0)
render:set_position(kitty, 1063, 724)
render:show(kitty)
render:set_clip_box(kitty, 0, 0, 0x0)
render:set_content_clip_box(kitty, 0, 0, 0x0)
render:set_presentation_mode
render:set_presentation_mode
render:place_top(emacs)
render:place_top(kitty)
render:place_top(firefox)
render:place_top(mpv)
render:set_presentation_mode
manage:focus_window(seat0, mpv)
manage:op_end(seat0)
render:set_position(mpv, 24, 24)
render:show(mpv)
render:set_clip_box(mpv, 0, 0, 0x0)
render:set_content_clip_box(mpv, 0, 0, 0x0)
render:set_position(firefox, 1063, 24)
render:show(firefox)
render:set_clip_box(firefox, 0, 0, 0x0)
render:set_content_clip_box(firefox, 0, 0, 0x0)
render:set_position(emacs, 1063, 374)
render:show(emacs)
render:set_clip_box(emacs, 0, 0, 0x0)
render:set_content_clip_box(emacs, 0, 0, 0x0)
render:set_position(kitty, 1063, 724)
render:show(kitty)
render:set_clip_box(kitty, 0, 0, 0x0)
render:set_content_clip_box(kitty, 0, 0, 0x0)
render:set_presentation_mode
render:set_presentation_mode
render:place_top(emacs)
render:place_top(kitty)
render:place_top(firefox)
render:place_top(mpv)
render:set_presentation_mode

== output list ==
0: name=FAKE-3 labels=third focused=false captured=false
1: name=FAKE-2 labels=second focused=false captured=false
2: name=FAKE-1 labels=first main focused=true captured=false
manage:focus_window(seat0, mpv)
manage:op_end(seat0)
render:set_position(mpv, 24, 24)
render:show(mpv)
render:set_clip_box(mpv, 0, 0, 0x0)
render:set_content_clip_box(mpv, 0, 0, 0x0)
render:set_position(firefox, 1063, 24)
render:show(firefox)
render:set_clip_box(firefox, 0, 0, 0x0)
render:set_content_clip_box(firefox, 0, 0, 0x0)
render:set_position(emacs, 1063, 374)
render:show(emacs)
render:set_clip_box(emacs, 0, 0, 0x0)
render:set_content_clip_box(emacs, 0, 0, 0x0)
render:set_position(kitty, 1063, 724)
render:show(kitty)
render:set_clip_box(kitty, 0, 0, 0x0)
render:set_content_clip_box(kitty, 0, 0, 0x0)
render:set_presentation_mode
render:set_presentation_mode
render:place_top(emacs)
render:place_top(kitty)
render:place_top(firefox)
render:place_top(mpv)
render:set_presentation_mode

== output focus match --label=third ==
manage:clear_focus(seat0)
manage:op_end(seat0)
render:set_borders(mpv, w=4, rgba=72727272 71717171 69696969 ffffffff)
render:set_position(mpv, 24, 24)
render:show(mpv)
render:set_clip_box(mpv, 0, 0, 0x0)
render:set_content_clip_box(mpv, 0, 0, 0x0)
render:set_position(firefox, 1063, 24)
render:show(firefox)
render:set_clip_box(firefox, 0, 0, 0x0)
render:set_content_clip_box(firefox, 0, 0, 0x0)
render:set_position(emacs, 1063, 374)
render:show(emacs)
render:set_clip_box(emacs, 0, 0, 0x0)
render:set_content_clip_box(emacs, 0, 0, 0x0)
render:set_position(kitty, 1063, 724)
render:show(kitty)
render:set_clip_box(kitty, 0, 0, 0x0)
render:set_content_clip_box(kitty, 0, 0, 0x0)
render:set_presentation_mode
render:set_presentation_mode
render:place_top(emacs)
render:place_top(kitty)
render:place_top(firefox)
render:place_top(mpv)
render:set_presentation_mode
manage:clear_focus(seat0)
manage:op_end(seat0)
render:set_position(mpv, 24, 24)
render:show(mpv)
render:set_clip_box(mpv, 0, 0, 0x0)
render:set_content_clip_box(mpv, 0, 0, 0x0)
render:set_position(firefox, 1063, 24)
render:show(firefox)
render:set_clip_box(firefox, 0, 0, 0x0)
render:set_content_clip_box(firefox, 0, 0, 0x0)
render:set_position(emacs, 1063, 374)
render:show(emacs)
render:set_clip_box(emacs, 0, 0, 0x0)
render:set_content_clip_box(emacs, 0, 0, 0x0)
render:set_position(kitty, 1063, 724)
render:show(kitty)
render:set_clip_box(kitty, 0, 0, 0x0)
render:set_content_clip_box(kitty, 0, 0, 0x0)
render:set_presentation_mode
render:set_presentation_mode
render:place_top(emacs)
render:place_top(kitty)
render:place_top(firefox)
render:place_top(mpv)
render:set_presentation_mode

== output list ==
0: name=FAKE-3 labels=third focused=true captured=false
1: name=FAKE-2 labels=second focused=false captured=false
2: name=FAKE-1 labels=first main focused=false captured=false
manage:clear_focus(seat0)
manage:op_end(seat0)
render:set_position(mpv, 24, 24)
render:show(mpv)
render:set_clip_box(mpv, 0, 0, 0x0)
render:set_content_clip_box(mpv, 0, 0, 0x0)
render:set_position(firefox, 1063, 24)
render:show(firefox)
render:set_clip_box(firefox, 0, 0, 0x0)
render:set_content_clip_box(firefox, 0, 0, 0x0)
render:set_position(emacs, 1063, 374)
render:show(emacs)
render:set_clip_box(emacs, 0, 0, 0x0)
render:set_content_clip_box(emacs, 0, 0, 0x0)
render:set_position(kitty, 1063, 724)
render:show(kitty)
render:set_clip_box(kitty, 0, 0, 0x0)
render:set_content_clip_box(kitty, 0, 0, 0x0)
render:set_presentation_mode
render:set_presentation_mode
render:place_top(emacs)
render:place_top(kitty)
render:place_top(firefox)
render:place_top(mpv)
render:set_presentation_mode
