window(index=0, id=11): (24, 24) 1021x1032
window(index=1, id=13): (1063, 24) 833x507
window(index=2, id=15): (1063, 549) 833x507
window(index=0, id=11): (14, 1084) 619x517
window(index=1, id=13): (1288, 549) 618x517
window(index=2, id=15): (651, 549) 619x517
window(index=3, id=17): (14, 549) 619x517
window(index=4, id=19): (1288, 14) 618x517
window(index=5, id=21): (651, 14) 619x517
window(index=6, id=23): (14, 14) 619x517
window(index=0, id=11): (14, 549) 619x517
window(index=1, id=13): (1288, 14) 618x517
window(index=2, id=15): (651, 14) 619x517
window(index=3, id=17): (14, 14) 619x517
window(index=4, id=19): (1288, -521) 618x517
window(index=5, id=21): (651, -521) 619x517
window(index=6, id=23): (14, -521) 619x517
0: set_capabilities
0: propose_dimensions
0: set_tiled
0: use_ssd
0: inform_unmaximized
0: inform_not_fullscreen
0: inform_resize_end
1: set_capabilities
1: propose_dimensions
1: set_tiled
1: use_ssd
1: inform_unmaximized
1: inform_not_fullscreen
1: inform_resize_end
2: set_capabilities
2: propose_dimensions
2: set_tiled
2: use_ssd
2: inform_unmaximized
2: inform_not_fullscreen
2: inform_resize_end
3: set_capabilities
3: propose_dimensions
3: set_tiled
3: use_ssd
3: inform_unmaximized
3: inform_not_fullscreen
3: inform_resize_end
4: set_capabilities
4: propose_dimensions
4: set_tiled
4: use_ssd
4: inform_unmaximized
4: inform_not_fullscreen
4: inform_resize_end
5: set_capabilities
5: propose_dimensions
5: set_tiled
5: use_ssd
5: inform_unmaximized
5: inform_not_fullscreen
5: inform_resize_end
6: set_capabilities
6: propose_dimensions
6: set_tiled
6: use_ssd
6: inform_unmaximized
6: inform_not_fullscreen
6: inform_resize_end
