
== arrive ==
render:set_presentation_mode
render:set_presentation_mode
render:set_presentation_mode
manage:get_seat
manage:get_xkb_binding
manage:get_xkb_binding
manage:get_xkb_binding
manage:get_xkb_binding
manage:get_xkb_binding
manage:get_xkb_binding
manage:get_xkb_binding
manage:get_xkb_binding
manage:get_xkb_binding
manage:get_xkb_binding
manage:get_xkb_binding
manage:get_xkb_binding
manage:get_xkb_binding
manage:get_xkb_binding
manage:get_xkb_binding
manage:get_xkb_binding
manage:get_xkb_binding
manage:get_xkb_binding
manage:get_xkb_binding
manage:get_xkb_binding
manage:get_xkb_binding
manage:get_xkb_binding
manage:get_xkb_binding
manage:get_xkb_binding
manage:get_xkb_binding
manage:get_xkb_binding
manage:get_xkb_binding
manage:get_xkb_binding
manage:get_xkb_binding
manage:get_xkb_binding
manage:get_xkb_binding
manage:get_xkb_binding
manage:get_xkb_binding
manage:get_xkb_binding
manage:get_xkb_binding
manage:get_xkb_binding
manage:get_xkb_binding
manage:get_xkb_binding
manage:get_pointer_binding(seat0)
manage:get_pointer_binding(seat0)
manage:clear_focus(seat0)
manage:enable
manage:enable
manage:enable
manage:enable
manage:enable
manage:enable
manage:enable
manage:enable
manage:enable
manage:enable
manage:enable
manage:enable
manage:enable
manage:enable
manage:enable
manage:enable
manage:enable
manage:enable
manage:enable
manage:enable
manage:enable
manage:enable
manage:enable
manage:enable
manage:enable
manage:enable
manage:enable
manage:enable
manage:enable
manage:enable
manage:enable
manage:enable
manage:enable
manage:enable
manage:enable
manage:enable
manage:enable
manage:enable
manage:enable
manage:enable
manage:op_end(seat0)
manage:clear_focus(seat0)
manage:op_end(seat0)
render:set_presentation_mode
render:set_presentation_mode
manage:get_node(kitty)
manage:set_capabilities(kitty)
manage:propose_dimensions(kitty, 1872x1032)
manage:set_tiled(kitty)
manage:use_ssd(kitty)
manage:inform_unmaximized(kitty)
manage:inform_not_fullscreen(kitty)
manage:inform_resize_end(kitty)
manage:focus_window(seat0, kitty)
manage:op_end(seat0)
manage:focus_window(seat0, kitty)
manage:op_end(seat0)
render:set_borders(kitty, w=4, rgba=7f7f7f7f b4b4b4b4 cacacaca ffffffff)
render:set_position(kitty, 24, 24)
render:show(kitty)
render:set_clip_box(kitty, 0, 0, 0x0)
render:set_content_clip_box(kitty, 0, 0, 0x0)
render:place_top(kitty)
render:set_presentation_mode
render:set_position(kitty, 24, 24)
render:show(kitty)
render:set_clip_box(kitty, 0, 0, 0x0)
render:set_content_clip_box(kitty, 0, 0, 0x0)
render:place_top(kitty)
render:set_presentation_mode

== window rules add --app-id ^mpv$ --float --tags 3 ==
manage:focus_window(seat0, kitty)
manage:op_end(seat0)
render:set_position(kitty, 24, 24)
render:show(kitty)
render:set_clip_box(kitty, 0, 0, 0x0)
render:set_content_clip_box(kitty, 0, 0, 0x0)
render:place_top(kitty)
render:set_presentation_mode

== mpv arrives floating on tag 3 ==
manage:get_node(mpv)
manage:set_capabilities(mpv)
manage:propose_dimensions(mpv, 0x0)
manage:set_tiled(mpv)
manage:use_ssd(mpv)
manage:inform_unmaximized(mpv)
manage:inform_not_fullscreen(mpv)
manage:inform_resize_end(mpv)
manage:focus_window(seat0, kitty)
manage:op_end(seat0)
manage:focus_window(seat0, kitty)
manage:op_end(seat0)
render:set_borders(mpv, w=4, rgba=72727272 71717171 69696969 ffffffff)
render:set_position(mpv, 640, 300)
render:hide(mpv)
render:set_clip_box(mpv, 0, 0, 0x0)
render:set_content_clip_box(mpv, 0, 0, 0x0)
render:set_position(kitty, 24, 24)
render:show(kitty)
render:set_clip_box(kitty, 0, 0, 0x0)
render:set_content_clip_box(kitty, 0, 0, 0x0)
render:place_top(kitty)
render:set_presentation_mode
render:set_position(mpv, 640, 300)
render:hide(mpv)
render:set_clip_box(mpv, 0, 0, 0x0)
render:set_content_clip_box(mpv, 0, 0, 0x0)
render:set_position(kitty, 24, 24)
render:show(kitty)
render:set_clip_box(kitty, 0, 0, 0x0)
render:set_content_clip_box(kitty, 0, 0, 0x0)
render:place_top(kitty)
render:set_presentation_mode

== window rules add --app-id=[ --float ==
err: invalid regex: [
manage:focus_window(seat0, kitty)
manage:op_end(seat0)
render:set_position(mpv, 640, 300)
render:hide(mpv)
render:set_clip_box(mpv, 0, 0, 0x0)
render:set_content_clip_box(mpv, 0, 0, 0x0)
render:set_position(kitty, 24, 24)
render:show(kitty)
render:set_clip_box(kitty, 0, 0, 0x0)
render:set_content_clip_box(kitty, 0, 0, 0x0)
render:place_top(kitty)
render:set_presentation_mode

== window rules list ==
0: pattern=app_id=^mpv$ case=sensitive effects=tags=concrete 4 presentation=float
manage:focus_window(seat0, kitty)
manage:op_end(seat0)
render:set_position(mpv, 640, 300)
render:hide(mpv)
render:set_clip_box(mpv, 0, 0, 0x0)
render:set_content_clip_box(mpv, 0, 0, 0x0)
render:set_position(kitty, 24, 24)
render:show(kitty)
render:set_clip_box(kitty, 0, 0, 0x0)
render:set_content_clip_box(kitty, 0, 0, 0x0)
render:place_top(kitty)
render:set_presentation_mode

== window rules remove 0 ==
manage:focus_window(seat0, kitty)
manage:op_end(seat0)
render:set_position(mpv, 640, 300)
render:hide(mpv)
render:set_clip_box(mpv, 0, 0, 0x0)
render:set_content_clip_box(mpv, 0, 0, 0x0)
render:set_position(kitty, 24, 24)
render:show(kitty)
render:set_clip_box(kitty, 0, 0, 0x0)
render:set_content_clip_box(kitty, 0, 0, 0x0)
render:place_top(kitty)
render:set_presentation_mode

== window rules remove 7 ==
err: no window rule at index 7
manage:focus_window(seat0, kitty)
manage:op_end(seat0)
render:set_position(mpv, 640, 300)
render:hide(mpv)
render:set_clip_box(mpv, 0, 0, 0x0)
render:set_content_clip_box(mpv, 0, 0, 0x0)
render:set_position(kitty, 24, 24)
render:show(kitty)
render:set_clip_box(kitty, 0, 0, 0x0)
render:set_content_clip_box(kitty, 0, 0, 0x0)
render:place_top(kitty)
render:set_presentation_mode

== third window ==
manage:get_node(emacs)
manage:set_capabilities(emacs)
manage:propose_dimensions(emacs, 1021x1032)
manage:set_tiled(emacs)
manage:use_ssd(emacs)
manage:inform_unmaximized(emacs)
manage:inform_not_fullscreen(emacs)
manage:inform_resize_end(emacs)
manage:propose_dimensions(kitty, 833x1032)
manage:focus_window(seat0, emacs)
manage:op_end(seat0)
manage:focus_window(seat0, emacs)
manage:op_end(seat0)
render:set_borders(emacs, w=4, rgba=7f7f7f7f b4b4b4b4 cacacaca ffffffff)
render:set_borders(kitty, w=4, rgba=72727272 71717171 69696969 ffffffff)
render:set_position(emacs, 24, 24)
render:show(emacs)
render:set_clip_box(emacs, 0, 0, 0x0)
render:set_content_clip_box(emacs, 0, 0, 0x0)
render:set_position(mpv, 640, 300)
render:hide(mpv)
render:set_clip_box(mpv, 0, 0, 0x0)
render:set_content_clip_box(mpv, 0, 0, 0x0)
render:set_position(kitty, 1063, 24)
render:show(kitty)
render:set_clip_box(kitty, 0, 0, 0x0)
render:set_content_clip_box(kitty, 0, 0, 0x0)
render:place_top(kitty)
render:place_top(emacs)
render:set_presentation_mode
render:set_position(emacs, 24, 24)
render:show(emacs)
render:set_clip_box(emacs, 0, 0, 0x0)
render:set_content_clip_box(emacs, 0, 0, 0x0)
render:set_position(mpv, 640, 300)
render:hide(mpv)
render:set_clip_box(mpv, 0, 0, 0x0)
render:set_content_clip_box(mpv, 0, 0, 0x0)
render:set_position(kitty, 1063, 24)
render:show(kitty)
render:set_clip_box(kitty, 0, 0, 0x0)
render:set_content_clip_box(kitty, 0, 0, 0x0)
render:place_top(kitty)
render:place_top(emacs)
render:set_presentation_mode

== gaps inner 4 ==
manage:propose_dimensions(emacs, 1024x1032)
manage:propose_dimensions(kitty, 836x1032)
manage:focus_window(seat0, emacs)
manage:op_end(seat0)
render:set_position(emacs, 24, 24)
render:show(emacs)
render:set_clip_box(emacs, 0, 0, 0x0)
render:set_content_clip_box(emacs, 0, 0, 0x0)
render:set_position(mpv, 640, 300)
render:hide(mpv)
render:set_clip_box(mpv, 0, 0, 0x0)
render:set_content_clip_box(mpv, 0, 0, 0x0)
render:set_position(kitty, 1060, 24)
render:show(kitty)
render:set_clip_box(kitty, 0, 0, 0x0)
render:set_content_clip_box(kitty, 0, 0, 0x0)
render:place_top(kitty)
render:place_top(emacs)
render:set_presentation_mode
manage:focus_window(seat0, emacs)
manage:op_end(seat0)
render:set_position(emacs, 24, 24)
render:show(emacs)
render:set_clip_box(emacs, 0, 0, 0x0)
render:set_content_clip_box(emacs, 0, 0, 0x0)
render:set_position(mpv, 640, 300)
render:hide(mpv)
render:set_clip_box(mpv, 0, 0, 0x0)
render:set_content_clip_box(mpv, 0, 0, 0x0)
render:set_position(kitty, 1060, 24)
render:show(kitty)
render:set_clip_box(kitty, 0, 0, 0x0)
render:set_content_clip_box(kitty, 0, 0, 0x0)
render:place_top(kitty)
render:place_top(emacs)
render:set_presentation_mode

== gaps inner 6 --output FAKE-1 ==
manage:propose_dimensions(emacs, 1023x1032)
manage:propose_dimensions(kitty, 835x1032)
manage:focus_window(seat0, emacs)
manage:op_end(seat0)
render:set_position(emacs, 24, 24)
render:show(emacs)
render:set_clip_box(emacs, 0, 0, 0x0)
render:set_content_clip_box(emacs, 0, 0, 0x0)
render:set_position(mpv, 640, 300)
render:hide(mpv)
render:set_clip_box(mpv, 0, 0, 0x0)
render:set_content_clip_box(mpv, 0, 0, 0x0)
render:set_position(kitty, 1061, 24)
render:show(kitty)
render:set_clip_box(kitty, 0, 0, 0x0)
render:set_content_clip_box(kitty, 0, 0, 0x0)
render:place_top(kitty)
render:place_top(emacs)
render:set_presentation_mode
manage:focus_window(seat0, emacs)
manage:op_end(seat0)
render:set_position(emacs, 24, 24)
render:show(emacs)
render:set_clip_box(emacs, 0, 0, 0x0)
render:set_content_clip_box(emacs, 0, 0, 0x0)
render:set_position(mpv, 640, 300)
render:hide(mpv)
render:set_clip_box(mpv, 0, 0, 0x0)
render:set_content_clip_box(mpv, 0, 0, 0x0)
render:set_position(kitty, 1061, 24)
render:show(kitty)
render:set_clip_box(kitty, 0, 0, 0x0)
render:set_content_clip_box(kitty, 0, 0, 0x0)
render:place_top(kitty)
render:place_top(emacs)
render:set_presentation_mode

== gaps inner 8 --all ==
manage:propose_dimensions(emacs, 1022x1032)
manage:propose_dimensions(kitty, 834x1032)
manage:focus_window(seat0, emacs)
manage:op_end(seat0)
render:set_position(emacs, 24, 24)
render:show(emacs)
render:set_clip_box(emacs, 0, 0, 0x0)
render:set_content_clip_box(emacs, 0, 0, 0x0)
render:set_position(mpv, 640, 300)
render:hide(mpv)
render:set_clip_box(mpv, 0, 0, 0x0)
render:set_content_clip_box(mpv, 0, 0, 0x0)
render:set_position(kitty, 1062, 24)
render:show(kitty)
render:set_clip_box(kitty, 0, 0, 0x0)
render:set_content_clip_box(kitty, 0, 0, 0x0)
render:place_top(kitty)
render:place_top(emacs)
render:set_presentation_mode
manage:focus_window(seat0, emacs)
manage:op_end(seat0)
render:set_position(emacs, 24, 24)
render:show(emacs)
render:set_clip_box(emacs, 0, 0, 0x0)
render:set_content_clip_box(emacs, 0, 0, 0x0)
render:set_position(mpv, 640, 300)
render:hide(mpv)
render:set_clip_box(mpv, 0, 0, 0x0)
render:set_content_clip_box(mpv, 0, 0, 0x0)
render:set_position(kitty, 1062, 24)
render:show(kitty)
render:set_clip_box(kitty, 0, 0, 0x0)
render:set_content_clip_box(kitty, 0, 0, 0x0)
render:place_top(kitty)
render:place_top(emacs)
render:set_presentation_mode

== window list ==
0: id=3 identifier=null title=emacs app_id=emacs output=FAKE-1 tags=1 focused=true urgent=false captured=false hidden=false presentation=tiled sticky=off scratchpad=null stashed=false swallowing=false labels=
1: id=2 identifier=null title=mpv app_id=mpv output=FAKE-1 tags=3 focused=false urgent=false captured=false hidden=true presentation=floating sticky=off scratchpad=null stashed=false swallowing=false labels=
2: id=1 identifier=null title=kitty app_id=kitty output=FAKE-1 tags=1 focused=false urgent=false captured=false hidden=false presentation=tiled sticky=off scratchpad=null stashed=false swallowing=false labels=
manage:focus_window(seat0, emacs)
manage:op_end(seat0)
render:set_position(emacs, 24, 24)
render:show(emacs)
render:set_clip_box(emacs, 0, 0, 0x0)
render:set_content_clip_box(emacs, 0, 0, 0x0)
render:set_position(mpv, 640, 300)
render:hide(mpv)
render:set_clip_box(mpv, 0, 0, 0x0)
render:set_content_clip_box(mpv, 0, 0, 0x0)
render:set_position(kitty, 1062, 24)
render:show(kitty)
render:set_clip_box(kitty, 0, 0, 0x0)
render:set_content_clip_box(kitty, 0, 0, 0x0)
render:place_top(kitty)
render:place_top(emacs)
render:set_presentation_mode

== window list --json ==
[{"id":3,"identifier":null,"title":"emacs","app_id":"emacs","output":"FAKE-1","tags":[1],"focused":true,"urgent":false,"captured":false,"hidden":false,"presentation":"tiled","sticky":"off","scratchpad":null,"stashed":false,"swallowing":false,"labels":[]},{"id":2,"identifier":null,"title":"mpv","app_id":"mpv","output":"FAKE-1","tags":[3],"focused":false,"urgent":false,"captured":false,"hidden":true,"presentation":"floating","sticky":"off","scratchpad":null,"stashed":false,"swallowing":false,"labels":[]},{"id":1,"identifier":null,"title":"kitty","app_id":"kitty","output":"FAKE-1","tags":[1],"focused":false,"urgent":false,"captured":false,"hidden":false,"presentation":"tiled","sticky":"off","scratchpad":null,"stashed":false,"swallowing":false,"labels":[]}]
manage:focus_window(seat0, emacs)
manage:op_end(seat0)
render:set_position(emacs, 24, 24)
render:show(emacs)
render:set_clip_box(emacs, 0, 0, 0x0)
render:set_content_clip_box(emacs, 0, 0, 0x0)
render:set_position(mpv, 640, 300)
render:hide(mpv)
render:set_clip_box(mpv, 0, 0, 0x0)
render:set_content_clip_box(mpv, 0, 0, 0x0)
render:set_position(kitty, 1062, 24)
render:show(kitty)
render:set_clip_box(kitty, 0, 0, 0x0)
render:set_content_clip_box(kitty, 0, 0, 0x0)
render:place_top(kitty)
render:place_top(emacs)
render:set_presentation_mode
