== arrive ==
render:set_presentation_mode
render:set_presentation_mode
render:set_presentation_mode
manage:get_seat
manage:get_xkb_binding
manage:get_xkb_binding
manage:get_xkb_binding
manage:get_xkb_binding
manage:get_xkb_binding
manage:get_xkb_binding
manage:get_xkb_binding
manage:get_xkb_binding
manage:get_xkb_binding
manage:get_xkb_binding
manage:get_xkb_binding
manage:get_xkb_binding
manage:get_xkb_binding
manage:get_xkb_binding
manage:get_xkb_binding
manage:get_xkb_binding
manage:get_xkb_binding
manage:get_xkb_binding
manage:get_xkb_binding
manage:get_xkb_binding
manage:get_xkb_binding
manage:get_xkb_binding
manage:get_xkb_binding
manage:get_xkb_binding
manage:get_xkb_binding
manage:get_xkb_binding
manage:get_xkb_binding
manage:get_xkb_binding
manage:get_xkb_binding
manage:get_xkb_binding
manage:get_xkb_binding
manage:get_xkb_binding
manage:get_xkb_binding
manage:get_xkb_binding
manage:get_xkb_binding
manage:get_xkb_binding
manage:get_xkb_binding
manage:get_xkb_binding
manage:get_pointer_binding(seat0)
manage:get_pointer_binding(seat0)
manage:clear_focus(seat0)
manage:enable
manage:enable
manage:enable
manage:enable
manage:enable
manage:enable
manage:enable
manage:enable
manage:enable
manage:enable
manage:enable
manage:enable
manage:enable
manage:enable
manage:enable
manage:enable
manage:enable
manage:enable
manage:enable
manage:enable
manage:enable
manage:enable
manage:enable
manage:enable
manage:enable
manage:enable
manage:enable
manage:enable
manage:enable
manage:enable
manage:enable
manage:enable
manage:enable
manage:enable
manage:enable
manage:enable
manage:enable
manage:enable
manage:enable
manage:enable
manage:op_end(seat0)
manage:clear_focus(seat0)
manage:op_end(seat0)
render:set_presentation_mode
render:set_presentation_mode
manage:get_node(mpv)
manage:set_capabilities(mpv)
manage:propose_dimensions(mpv, 1872x1032)
manage:set_tiled(mpv)
manage:use_ssd(mpv)
manage:inform_unmaximized(mpv)
manage:inform_not_fullscreen(mpv)
manage:inform_resize_end(mpv)
manage:focus_window(seat0, mpv)
manage:op_end(seat0)
manage:focus_window(seat0, mpv)
manage:op_end(seat0)
render:set_borders(mpv, w=4, rgba=7f7f7f7f b4b4b4b4 cacacaca ffffffff)
render:set_position(mpv, 24, 24)
render:show(mpv)
render:set_clip_box(mpv, 0, 0, 0x0)
render:set_content_clip_box(mpv, 0, 0, 0x0)
render:place_top(mpv)
render:set_presentation_mode
render:set_position(mpv, 24, 24)
render:show(mpv)
render:set_clip_box(mpv, 0, 0, 0x0)
render:set_content_clip_box(mpv, 0, 0, 0x0)
render:place_top(mpv)
render:set_presentation_mode
manage:get_node(kitty)
manage:set_capabilities(kitty)
manage:propose_dimensions(kitty, 1021x1032)
manage:set_tiled(kitty)
manage:use_ssd(kitty)
manage:inform_unmaximized(kitty)
manage:inform_not_fullscreen(kitty)
manage:inform_resize_end(kitty)
manage:propose_dimensions(mpv, 833x1032)
manage:focus_window(seat0, kitty)
manage:op_end(seat0)
manage:focus_window(seat0, kitty)
manage:op_end(seat0)
render:set_borders(kitty, w=4, rgba=7f7f7f7f b4b4b4b4 cacacaca ffffffff)
render:set_borders(mpv, w=4, rgba=72727272 71717171 69696969 ffffffff)
render:set_position(kitty, 24, 24)
render:show(kitty)
render:set_clip_box(kitty, 0, 0, 0x0)
render:set_content_clip_box(kitty, 0, 0, 0x0)
render:set_position(mpv, 1063, 24)
render:show(mpv)
render:set_clip_box(mpv, 0, 0, 0x0)
render:set_content_clip_box(mpv, 0, 0, 0x0)
render:place_top(mpv)
render:place_top(kitty)
render:set_presentation_mode
render:set_position(kitty, 24, 24)
render:show(kitty)
render:set_clip_box(kitty, 0, 0, 0x0)
render:set_content_clip_box(kitty, 0, 0, 0x0)
render:set_position(mpv, 1063, 24)
render:show(mpv)
render:set_clip_box(mpv, 0, 0, 0x0)
render:set_content_clip_box(mpv, 0, 0, 0x0)
render:place_top(mpv)
render:place_top(kitty)
render:set_presentation_mode
manage:get_node(emacs)
manage:set_capabilities(emacs)
manage:propose_dimensions(emacs, 1021x1032)
manage:set_tiled(emacs)
manage:use_ssd(emacs)
manage:inform_unmaximized(emacs)
manage:inform_not_fullscreen(emacs)
manage:inform_resize_end(emacs)
manage:propose_dimensions(kitty, 833x507)
manage:propose_dimensions(mpv, 833x507)
manage:focus_window(seat0, emacs)
manage:op_end(seat0)
manage:focus_window(seat0, emacs)
manage:op_end(seat0)
render:set_borders(emacs, w=4, rgba=7f7f7f7f b4b4b4b4 cacacaca ffffffff)
render:set_borders(kitty, w=4, rgba=72727272 71717171 69696969 ffffffff)
render:set_position(emacs, 24, 24)
render:show(emacs)
render:set_clip_box(emacs, 0, 0, 0x0)
render:set_content_clip_box(emacs, 0, 0, 0x0)
render:set_position(kitty, 1063, 24)
render:show(kitty)
render:set_clip_box(kitty, 0, 0, 0x0)
render:set_content_clip_box(kitty, 0, 0, 0x0)
render:set_position(mpv, 1063, 549)
render:show(mpv)
render:set_clip_box(mpv, 0, 0, 0x0)
render:set_content_clip_box(mpv, 0, 0, 0x0)
render:place_top(mpv)
render:place_top(kitty)
render:place_top(emacs)
render:set_presentation_mode
render:set_position(emacs, 24, 24)
render:show(emacs)
render:set_clip_box(emacs, 0, 0, 0x0)
render:set_content_clip_box(emacs, 0, 0, 0x0)
render:set_position(kitty, 1063, 24)
render:show(kitty)
render:set_clip_box(kitty, 0, 0, 0x0)
render:set_content_clip_box(kitty, 0, 0, 0x0)
render:set_position(mpv, 1063, 549)
render:show(mpv)
render:set_clip_box(mpv, 0, 0, 0x0)
render:set_content_clip_box(mpv, 0, 0, 0x0)
render:place_top(mpv)
render:place_top(kitty)
render:place_top(emacs)
render:set_presentation_mode
manage:get_node(firefox)
manage:set_capabilities(firefox)
manage:propose_dimensions(firefox, 1021x1032)
manage:set_tiled(firefox)
manage:use_ssd(firefox)
manage:inform_unmaximized(firefox)
manage:inform_not_fullscreen(firefox)
manage:inform_resize_end(firefox)
manage:propose_dimensions(emacs, 833x332)
manage:propose_dimensions(kitty, 833x332)
manage:propose_dimensions(mpv, 833x332)
manage:focus_window(seat0, firefox)
manage:op_end(seat0)
manage:focus_window(seat0, firefox)
manage:op_end(seat0)
render:set_borders(firefox, w=4, rgba=7f7f7f7f b4b4b4b4 cacacaca ffffffff)
render:set_borders(emacs, w=4, rgba=72727272 71717171 69696969 ffffffff)
render:set_position(firefox, 24, 24)
render:show(firefox)
render:set_clip_box(firefox, 0, 0, 0x0)
render:set_content_clip_box(firefox, 0, 0, 0x0)
render:set_position(emacs, 1063, 24)
render:show(emacs)
render:set_clip_box(emacs, 0, 0, 0x0)
render:set_content_clip_box(emacs, 0, 0, 0x0)
render:set_position(kitty, 1063, 374)
render:show(kitty)
render:set_clip_box(kitty, 0, 0, 0x0)
render:set_content_clip_box(kitty, 0, 0, 0x0)
render:set_position(mpv, 1063, 724)
render:show(mpv)
render:set_clip_box(mpv, 0, 0, 0x0)
render:set_content_clip_box(mpv, 0, 0, 0x0)
render:place_top(mpv)
render:place_top(kitty)
render:place_top(emacs)
render:place_top(firefox)
render:set_presentation_mode
render:set_position(firefox, 24, 24)
render:show(firefox)
render:set_clip_box(firefox, 0, 0, 0x0)
render:set_content_clip_box(firefox, 0, 0, 0x0)
render:set_position(emacs, 1063, 24)
render:show(emacs)
render:set_clip_box(emacs, 0, 0, 0x0)
render:set_content_clip_box(emacs, 0, 0, 0x0)
render:set_position(kitty, 1063, 374)
render:show(kitty)
render:set_clip_box(kitty, 0, 0, 0x0)
render:set_content_clip_box(kitty, 0, 0, 0x0)
render:set_position(mpv, 1063, 724)
render:show(mpv)
render:set_clip_box(mpv, 0, 0, 0x0)
render:set_content_clip_box(mpv, 0, 0, 0x0)
render:place_top(mpv)
render:place_top(kitty)
render:place_top(emacs)
render:place_top(firefox)
render:set_presentation_mode
manage:get_node(brave)
manage:set_capabilities(brave)
manage:propose_dimensions(brave, 1021x1032)
manage:set_tiled(brave)
manage:use_ssd(brave)
manage:inform_unmaximized(brave)
manage:inform_not_fullscreen(brave)
manage:inform_resize_end(brave)
manage:propose_dimensions(firefox, 833x245)
manage:propose_dimensions(emacs, 833x245)
manage:propose_dimensions(kitty, 833x244)
manage:propose_dimensions(mpv, 833x244)
manage:focus_window(seat0, brave)
manage:op_end(seat0)
manage:focus_window(seat0, brave)
manage:op_end(seat0)
render:set_borders(brave, w=4, rgba=7f7f7f7f b4b4b4b4 cacacaca ffffffff)
render:set_borders(firefox, w=4, rgba=72727272 71717171 69696969 ffffffff)
render:set_position(brave, 24, 24)
render:show(brave)
render:set_clip_box(brave, 0, 0, 0x0)
render:set_content_clip_box(brave, 0, 0, 0x0)
render:set_position(firefox, 1063, 24)
render:show(firefox)
render:set_clip_box(firefox, 0, 0, 0x0)
render:set_content_clip_box(firefox, 0, 0, 0x0)
render:set_position(emacs, 1063, 287)
render:show(emacs)
render:set_clip_box(emacs, 0, 0, 0x0)
render:set_content_clip_box(emacs, 0, 0, 0x0)
render:set_position(kitty, 1063, 550)
render:show(kitty)
render:set_clip_box(kitty, 0, 0, 0x0)
render:set_content_clip_box(kitty, 0, 0, 0x0)
render:set_position(mpv, 1063, 812)
render:show(mpv)
render:set_clip_box(mpv, 0, 0, 0x0)
render:set_content_clip_box(mpv, 0, 0, 0x0)
render:place_top(mpv)
render:place_top(kitty)
render:place_top(emacs)
render:place_top(firefox)
render:place_top(brave)
render:set_presentation_mode
render:set_position(brave, 24, 24)
render:show(brave)
render:set_clip_box(brave, 0, 0, 0x0)
render:set_content_clip_box(brave, 0, 0, 0x0)
render:set_position(firefox, 1063, 24)
render:show(firefox)
render:set_clip_box(firefox, 0, 0, 0x0)
render:set_content_clip_box(firefox, 0, 0, 0x0)
render:set_position(emacs, 1063, 287)
render:show(emacs)
render:set_clip_box(emacs, 0, 0, 0x0)
render:set_content_clip_box(emacs, 0, 0, 0x0)
render:set_position(kitty, 1063, 550)
render:show(kitty)
render:set_clip_box(kitty, 0, 0, 0x0)
render:set_content_clip_box(kitty, 0, 0, 0x0)
render:set_position(mpv, 1063, 812)
render:show(mpv)
render:set_clip_box(mpv, 0, 0, 0x0)
render:set_content_clip_box(mpv, 0, 0, 0x0)
render:place_top(mpv)
render:place_top(kitty)
render:place_top(emacs)
render:place_top(firefox)
render:place_top(brave)
render:set_presentation_mode
manage:get_node(feishin)
manage:set_capabilities(feishin)
manage:propose_dimensions(feishin, 1021x1032)
manage:set_tiled(feishin)
manage:use_ssd(feishin)
manage:inform_unmaximized(feishin)
manage:inform_not_fullscreen(feishin)
manage:inform_resize_end(feishin)
manage:propose_dimensions(brave, 833x192)
manage:propose_dimensions(firefox, 833x192)
manage:propose_dimensions(emacs, 833x192)
manage:propose_dimensions(kitty, 833x192)
manage:propose_dimensions(mpv, 833x192)
manage:focus_window(seat0, feishin)
manage:op_end(seat0)
manage:focus_window(seat0, feishin)
manage:op_end(seat0)
render:set_borders(feishin, w=4, rgba=7f7f7f7f b4b4b4b4 cacacaca ffffffff)
render:set_borders(brave, w=4, rgba=72727272 71717171 69696969 ffffffff)
render:set_position(feishin, 24, 24)
render:show(feishin)
render:set_clip_box(feishin, 0, 0, 0x0)
render:set_content_clip_box(feishin, 0, 0, 0x0)
render:set_position(brave, 1063, 24)
render:show(brave)
render:set_clip_box(brave, 0, 0, 0x0)
render:set_content_clip_box(brave, 0, 0, 0x0)
render:set_position(firefox, 1063, 234)
render:show(firefox)
render:set_clip_box(firefox, 0, 0, 0x0)
render:set_content_clip_box(firefox, 0, 0, 0x0)
render:set_position(emacs, 1063, 444)
render:show(emacs)
render:set_clip_box(emacs, 0, 0, 0x0)
render:set_content_clip_box(emacs, 0, 0, 0x0)
render:set_position(kitty, 1063, 654)
render:show(kitty)
render:set_clip_box(kitty, 0, 0, 0x0)
render:set_content_clip_box(kitty, 0, 0, 0x0)
render:set_position(mpv, 1063, 864)
render:show(mpv)
render:set_clip_box(mpv, 0, 0, 0x0)
render:set_content_clip_box(mpv, 0, 0, 0x0)
render:place_top(mpv)
render:place_top(kitty)
render:place_top(emacs)
render:place_top(firefox)
render:place_top(brave)
render:place_top(feishin)
render:set_presentation_mode
render:set_position(feishin, 24, 24)
render:show(feishin)
render:set_clip_box(feishin, 0, 0, 0x0)
render:set_content_clip_box(feishin, 0, 0, 0x0)
render:set_position(brave, 1063, 24)
render:show(brave)
render:set_clip_box(brave, 0, 0, 0x0)
render:set_content_clip_box(brave, 0, 0, 0x0)
render:set_position(firefox, 1063, 234)
render:show(firefox)
render:set_clip_box(firefox, 0, 0, 0x0)
render:set_content_clip_box(firefox, 0, 0, 0x0)
render:set_position(emacs, 1063, 444)
render:show(emacs)
render:set_clip_box(emacs, 0, 0, 0x0)
render:set_content_clip_box(emacs, 0, 0, 0x0)
render:set_position(kitty, 1063, 654)
render:show(kitty)
render:set_clip_box(kitty, 0, 0, 0x0)
render:set_content_clip_box(kitty, 0, 0, 0x0)
render:set_position(mpv, 1063, 864)
render:show(mpv)
render:set_clip_box(mpv, 0, 0, 0x0)
render:set_content_clip_box(mpv, 0, 0, 0x0)
render:place_top(mpv)
render:place_top(kitty)
render:place_top(emacs)
render:place_top(firefox)
render:place_top(brave)
render:place_top(feishin)
render:set_presentation_mode
== window list ==
0: id=6 identifier=null title=feishin app_id=feishin output=FAKE-1 tags=1 focused=true urgent=false hidden=false presentation=tiled sticky=off swallowing=false labels=
1: id=5 identifier=null title=brave app_id=brave output=FAKE-1 tags=1 focused=false urgent=false hidden=false presentation=tiled sticky=off swallowing=false labels=
2: id=4 identifier=null title=firefox app_id=firefox output=FAKE-1 tags=1 focused=false urgent=false hidden=false presentation=tiled sticky=off swallowing=false labels=
3: id=3 identifier=null title=emacs app_id=emacs output=FAKE-1 tags=1 focused=false urgent=false hidden=false presentation=tiled sticky=off swallowing=false labels=
4: id=2 identifier=null title=kitty app_id=kitty output=FAKE-1 tags=1 focused=false urgent=false hidden=false presentation=tiled sticky=off swallowing=false labels=
5: id=1 identifier=null title=mpv app_id=mpv output=FAKE-1 tags=1 focused=false urgent=false hidden=false presentation=tiled sticky=off swallowing=false labels=
manage:focus_window(seat0, feishin)
manage:op_end(seat0)
render:set_position(feishin, 24, 24)
render:show(feishin)
render:set_clip_box(feishin, 0, 0, 0x0)
render:set_content_clip_box(feishin, 0, 0, 0x0)
render:set_position(brave, 1063, 24)
render:show(brave)
render:set_clip_box(brave, 0, 0, 0x0)
render:set_content_clip_box(brave, 0, 0, 0x0)
render:set_position(firefox, 1063, 234)
render:show(firefox)
render:set_clip_box(firefox, 0, 0, 0x0)
render:set_content_clip_box(firefox, 0, 0, 0x0)
render:set_position(emacs, 1063, 444)
render:show(emacs)
render:set_clip_box(emacs, 0, 0, 0x0)
render:set_content_clip_box(emacs, 0, 0, 0x0)
render:set_position(kitty, 1063, 654)
render:show(kitty)
render:set_clip_box(kitty, 0, 0, 0x0)
render:set_content_clip_box(kitty, 0, 0, 0x0)
render:set_position(mpv, 1063, 864)
render:show(mpv)
render:set_clip_box(mpv, 0, 0, 0x0)
render:set_content_clip_box(mpv, 0, 0, 0x0)
render:place_top(mpv)
render:place_top(kitty)
render:place_top(emacs)
render:place_top(firefox)
render:place_top(brave)
render:place_top(feishin)
render:set_presentation_mode
== layout scrolling left ==
manage:propose_dimensions(feishin, 927x1032)
manage:propose_dimensions(brave, 927x1032)
manage:propose_dimensions(firefox, 927x1032)
manage:propose_dimensions(emacs, 927x1032)
manage:propose_dimensions(kitty, 927x1032)
manage:propose_dimensions(mpv, 927x1032)
manage:focus_window(seat0, feishin)
manage:op_end(seat0)
render:set_position(feishin, 24, 24)
render:show(feishin)
render:set_clip_box(feishin, 0, 0, 0x0)
render:set_content_clip_box(feishin, 0, 0, 0x0)
render:set_position(brave, 969, 24)
render:show(brave)
render:set_clip_box(brave, 0, 0, 0x0)
render:set_content_clip_box(brave, 0, 0, 0x0)
render:set_position(firefox, 1914, 24)
render:show(firefox)
render:set_clip_box(firefox, -4, -4, 10x1040)
render:set_content_clip_box(firefox, 0, 0, 0x0)
render:set_position(emacs, 2859, 24)
render:hide(emacs)
render:set_clip_box(emacs, 0, 0, 0x0)
render:set_content_clip_box(emacs, 0, 0, 0x0)
render:set_position(kitty, 3804, 24)
render:hide(kitty)
render:set_clip_box(kitty, 0, 0, 0x0)
render:set_content_clip_box(kitty, 0, 0, 0x0)
render:set_position(mpv, 4749, 24)
render:hide(mpv)
render:set_clip_box(mpv, 0, 0, 0x0)
render:set_content_clip_box(mpv, 0, 0, 0x0)
render:place_top(mpv)
render:place_top(kitty)
render:place_top(emacs)
render:place_top(firefox)
render:place_top(brave)
render:place_top(feishin)
render:set_presentation_mode
manage:focus_window(seat0, feishin)
manage:op_end(seat0)
render:set_position(feishin, 24, 24)
render:show(feishin)
render:set_clip_box(feishin, 0, 0, 0x0)
render:set_content_clip_box(feishin, 0, 0, 0x0)
render:set_position(brave, 969, 24)
render:show(brave)
render:set_clip_box(brave, 0, 0, 0x0)
render:set_content_clip_box(brave, 0, 0, 0x0)
render:set_position(firefox, 1914, 24)
render:show(firefox)
render:set_clip_box(firefox, -4, -4, 10x1040)
render:set_content_clip_box(firefox, 0, 0, 0x0)
render:set_position(emacs, 2859, 24)
render:hide(emacs)
render:set_clip_box(emacs, 0, 0, 0x0)
render:set_content_clip_box(emacs, 0, 0, 0x0)
render:set_position(kitty, 3804, 24)
render:hide(kitty)
render:set_clip_box(kitty, 0, 0, 0x0)
render:set_content_clip_box(kitty, 0, 0, 0x0)
render:set_position(mpv, 4749, 24)
render:hide(mpv)
render:set_clip_box(mpv, 0, 0, 0x0)
render:set_content_clip_box(mpv, 0, 0, 0x0)
render:place_top(mpv)
render:place_top(kitty)
render:place_top(emacs)
render:place_top(firefox)
render:place_top(brave)
render:place_top(feishin)
render:set_presentation_mode
== window focus match --app-id=mpv ==
manage:focus_window(seat0, mpv)
manage:op_end(seat0)
render:set_borders(feishin, w=4, rgba=72727272 71717171 69696969 ffffffff)
render:set_borders(mpv, w=4, rgba=7f7f7f7f b4b4b4b4 cacacaca ffffffff)
render:set_position(feishin, -4701, 24)
render:hide(feishin)
render:set_clip_box(feishin, 0, 0, 0x0)
render:set_content_clip_box(feishin, 0, 0, 0x0)
render:set_position(brave, -3756, 24)
render:hide(brave)
render:set_clip_box(brave, 0, 0, 0x0)
render:set_content_clip_box(brave, 0, 0, 0x0)
render:set_position(firefox, -2811, 24)
render:hide(firefox)
render:set_clip_box(firefox, 0, 0, 0x0)
render:set_content_clip_box(firefox, 0, 0, 0x0)
render:set_position(emacs, -1866, 24)
render:hide(emacs)
render:set_clip_box(emacs, 0, 0, 0x0)
render:set_content_clip_box(emacs, 0, 0, 0x0)
render:set_position(kitty, -921, 24)
render:show(kitty)
render:set_clip_box(kitty, 921, -4, 10x1040)
render:set_content_clip_box(kitty, 0, 0, 0x0)
render:set_position(mpv, 24, 24)
render:show(mpv)
render:set_clip_box(mpv, 0, 0, 0x0)
render:set_content_clip_box(mpv, 0, 0, 0x0)
render:place_top(kitty)
render:place_top(emacs)
render:place_top(firefox)
render:place_top(brave)
render:place_top(feishin)
render:place_top(mpv)
render:set_presentation_mode
manage:focus_window(seat0, mpv)
manage:op_end(seat0)
render:set_position(feishin, -4701, 24)
render:hide(feishin)
render:set_clip_box(feishin, 0, 0, 0x0)
render:set_content_clip_box(feishin, 0, 0, 0x0)
render:set_position(brave, -3756, 24)
render:hide(brave)
render:set_clip_box(brave, 0, 0, 0x0)
render:set_content_clip_box(brave, 0, 0, 0x0)
render:set_position(firefox, -2811, 24)
render:hide(firefox)
render:set_clip_box(firefox, 0, 0, 0x0)
render:set_content_clip_box(firefox, 0, 0, 0x0)
render:set_position(emacs, -1866, 24)
render:hide(emacs)
render:set_clip_box(emacs, 0, 0, 0x0)
render:set_content_clip_box(emacs, 0, 0, 0x0)
render:set_position(kitty, -921, 24)
render:show(kitty)
render:set_clip_box(kitty, 921, -4, 10x1040)
render:set_content_clip_box(kitty, 0, 0, 0x0)
render:set_position(mpv, 24, 24)
render:show(mpv)
render:set_clip_box(mpv, 0, 0, 0x0)
render:set_content_clip_box(mpv, 0, 0, 0x0)
render:place_top(kitty)
render:place_top(emacs)
render:place_top(firefox)
render:place_top(brave)
render:place_top(feishin)
render:place_top(mpv)
render:set_presentation_mode
== window resize to 25% 25% ==
manage:propose_dimensions(mpv, 480x270)
manage:set_tiled(mpv)
manage:focus_window(seat0, mpv)
manage:op_end(seat0)
render:set_position(feishin, -3756, 24)
render:hide(feishin)
render:set_clip_box(feishin, 0, 0, 0x0)
render:set_content_clip_box(feishin, 0, 0, 0x0)
render:set_position(brave, -2811, 24)
render:hide(brave)
render:set_clip_box(brave, 0, 0, 0x0)
render:set_content_clip_box(brave, 0, 0, 0x0)
render:set_position(firefox, -1866, 24)
render:hide(firefox)
render:set_clip_box(firefox, 0, 0, 0x0)
render:set_content_clip_box(firefox, 0, 0, 0x0)
render:set_position(emacs, -921, 24)
render:show(emacs)
render:set_clip_box(emacs, 921, -4, 10x1040)
render:set_content_clip_box(emacs, 0, 0, 0x0)
render:set_position(kitty, 24, 24)
render:show(kitty)
render:set_clip_box(kitty, 0, 0, 0x0)
render:set_content_clip_box(kitty, 0, 0, 0x0)
render:set_position(mpv, 24, 24)
render:show(mpv)
render:set_clip_box(mpv, 0, 0, 0x0)
render:set_content_clip_box(mpv, 0, 0, 0x0)
render:place_top(kitty)
render:place_top(emacs)
render:place_top(firefox)
render:place_top(brave)
render:place_top(feishin)
render:place_top(mpv)
render:set_presentation_mode
manage:focus_window(seat0, mpv)
manage:op_end(seat0)
render:set_position(feishin, -3756, 24)
render:hide(feishin)
render:set_clip_box(feishin, 0, 0, 0x0)
render:set_content_clip_box(feishin, 0, 0, 0x0)
render:set_position(brave, -2811, 24)
render:hide(brave)
render:set_clip_box(brave, 0, 0, 0x0)
render:set_content_clip_box(brave, 0, 0, 0x0)
render:set_position(firefox, -1866, 24)
render:hide(firefox)
render:set_clip_box(firefox, 0, 0, 0x0)
render:set_content_clip_box(firefox, 0, 0, 0x0)
render:set_position(emacs, -921, 24)
render:show(emacs)
render:set_clip_box(emacs, 921, -4, 10x1040)
render:set_content_clip_box(emacs, 0, 0, 0x0)
render:set_position(kitty, 24, 24)
render:show(kitty)
render:set_clip_box(kitty, 0, 0, 0x0)
render:set_content_clip_box(kitty, 0, 0, 0x0)
render:set_position(mpv, 24, 24)
render:show(mpv)
render:set_clip_box(mpv, 0, 0, 0x0)
render:set_content_clip_box(mpv, 0, 0, 0x0)
render:place_top(kitty)
render:place_top(emacs)
render:place_top(firefox)
render:place_top(brave)
render:place_top(feishin)
render:place_top(mpv)
render:set_presentation_mode
== window move to 75% 75% ==
manage:focus_window(seat0, mpv)
manage:op_end(seat0)
render:set_position(feishin, -3756, 24)
render:hide(feishin)
render:set_clip_box(feishin, 0, 0, 0x0)
render:set_content_clip_box(feishin, 0, 0, 0x0)
render:set_position(brave, -2811, 24)
render:hide(brave)
render:set_clip_box(brave, 0, 0, 0x0)
render:set_content_clip_box(brave, 0, 0, 0x0)
render:set_position(firefox, -1866, 24)
render:hide(firefox)
render:set_clip_box(firefox, 0, 0, 0x0)
render:set_content_clip_box(firefox, 0, 0, 0x0)
render:set_position(emacs, -921, 24)
render:show(emacs)
render:set_clip_box(emacs, 921, -4, 10x1040)
render:set_content_clip_box(emacs, 0, 0, 0x0)
render:set_position(kitty, 24, 24)
render:show(kitty)
render:set_clip_box(kitty, 0, 0, 0x0)
render:set_content_clip_box(kitty, 0, 0, 0x0)
render:set_position(mpv, 1440, 810)
render:show(mpv)
render:set_clip_box(mpv, 0, 0, 0x0)
render:set_content_clip_box(mpv, 0, 0, 0x0)
render:place_top(kitty)
render:place_top(emacs)
render:place_top(firefox)
render:place_top(brave)
render:place_top(feishin)
render:place_top(mpv)
render:set_presentation_mode
manage:focus_window(seat0, mpv)
manage:op_end(seat0)
render:set_position(feishin, -3756, 24)
render:hide(feishin)
render:set_clip_box(feishin, 0, 0, 0x0)
render:set_content_clip_box(feishin, 0, 0, 0x0)
render:set_position(brave, -2811, 24)
render:hide(brave)
render:set_clip_box(brave, 0, 0, 0x0)
render:set_content_clip_box(brave, 0, 0, 0x0)
render:set_position(firefox, -1866, 24)
render:hide(firefox)
render:set_clip_box(firefox, 0, 0, 0x0)
render:set_content_clip_box(firefox, 0, 0, 0x0)
render:set_position(emacs, -921, 24)
render:show(emacs)
render:set_clip_box(emacs, 921, -4, 10x1040)
render:set_content_clip_box(emacs, 0, 0, 0x0)
render:set_position(kitty, 24, 24)
render:show(kitty)
render:set_clip_box(kitty, 0, 0, 0x0)
render:set_content_clip_box(kitty, 0, 0, 0x0)
render:set_position(mpv, 1440, 810)
render:show(mpv)
render:set_clip_box(mpv, 0, 0, 0x0)
render:set_content_clip_box(mpv, 0, 0, 0x0)
render:place_top(kitty)
render:place_top(emacs)
render:place_top(firefox)
render:place_top(brave)
render:place_top(feishin)
render:place_top(mpv)
render:set_presentation_mode
== window list ==
0: id=6 identifier=null title=feishin app_id=feishin output=FAKE-1 tags=1 focused=false urgent=false hidden=true presentation=tiled sticky=off swallowing=false labels=
1: id=5 identifier=null title=brave app_id=brave output=FAKE-1 tags=1 focused=false urgent=false hidden=true presentation=tiled sticky=off swallowing=false labels=
2: id=4 identifier=null title=firefox app_id=firefox output=FAKE-1 tags=1 focused=false urgent=false hidden=true presentation=tiled sticky=off swallowing=false labels=
3: id=3 identifier=null title=emacs app_id=emacs output=FAKE-1 tags=1 focused=false urgent=false hidden=false presentation=tiled sticky=off swallowing=false labels=
4: id=2 identifier=null title=kitty app_id=kitty output=FAKE-1 tags=1 focused=false urgent=false hidden=false presentation=tiled sticky=off swallowing=false labels=
5: id=1 identifier=null title=mpv app_id=mpv output=FAKE-1 tags=1 focused=true urgent=false hidden=false presentation=floating sticky=off swallowing=false labels=
manage:focus_window(seat0, mpv)
manage:op_end(seat0)
render:set_position(feishin, -3756, 24)
render:hide(feishin)
render:set_clip_box(feishin, 0, 0, 0x0)
render:set_content_clip_box(feishin, 0, 0, 0x0)
render:set_position(brave, -2811, 24)
render:hide(brave)
render:set_clip_box(brave, 0, 0, 0x0)
render:set_content_clip_box(brave, 0, 0, 0x0)
render:set_position(firefox, -1866, 24)
render:hide(firefox)
render:set_clip_box(firefox, 0, 0, 0x0)
render:set_content_clip_box(firefox, 0, 0, 0x0)
render:set_position(emacs, -921, 24)
render:show(emacs)
render:set_clip_box(emacs, 921, -4, 10x1040)
render:set_content_clip_box(emacs, 0, 0, 0x0)
render:set_position(kitty, 24, 24)
render:show(kitty)
render:set_clip_box(kitty, 0, 0, 0x0)
render:set_content_clip_box(kitty, 0, 0, 0x0)
render:set_position(mpv, 1440, 810)
render:show(mpv)
render:set_clip_box(mpv, 0, 0, 0x0)
render:set_content_clip_box(mpv, 0, 0, 0x0)
render:place_top(kitty)
render:place_top(emacs)
render:place_top(firefox)
render:place_top(brave)
render:place_top(feishin)
render:place_top(mpv)
render:set_presentation_mode
== window focus match --app-id=feishin ==
manage:focus_window(seat0, feishin)
manage:op_end(seat0)
render:set_borders(feishin, w=4, rgba=7f7f7f7f b4b4b4b4 cacacaca ffffffff)
render:set_borders(mpv, w=4, rgba=72727272 71717171 69696969 ffffffff)
render:set_position(feishin, 24, 24)
render:show(feishin)
render:set_clip_box(feishin, 0, 0, 0x0)
render:set_content_clip_box(feishin, 0, 0, 0x0)
render:set_position(brave, 969, 24)
render:show(brave)
render:set_clip_box(brave, 0, 0, 0x0)
render:set_content_clip_box(brave, 0, 0, 0x0)
render:set_position(firefox, 1914, 24)
render:show(firefox)
render:set_clip_box(firefox, -4, -4, 10x1040)
render:set_content_clip_box(firefox, 0, 0, 0x0)
render:set_position(emacs, 2859, 24)
render:hide(emacs)
render:set_clip_box(emacs, 0, 0, 0x0)
render:set_content_clip_box(emacs, 0, 0, 0x0)
render:set_position(kitty, 3804, 24)
render:hide(kitty)
render:set_clip_box(kitty, 0, 0, 0x0)
render:set_content_clip_box(kitty, 0, 0, 0x0)
render:set_position(mpv, 1440, 810)
render:show(mpv)
render:set_clip_box(mpv, 0, 0, 0x0)
render:set_content_clip_box(mpv, 0, 0, 0x0)
render:place_top(kitty)
render:place_top(emacs)
render:place_top(firefox)
render:place_top(brave)
render:place_top(feishin)
render:place_top(mpv)
render:set_presentation_mode
manage:focus_window(seat0, feishin)
manage:op_end(seat0)
render:set_position(feishin, 24, 24)
render:show(feishin)
render:set_clip_box(feishin, 0, 0, 0x0)
render:set_content_clip_box(feishin, 0, 0, 0x0)
render:set_position(brave, 969, 24)
render:show(brave)
render:set_clip_box(brave, 0, 0, 0x0)
render:set_content_clip_box(brave, 0, 0, 0x0)
render:set_position(firefox, 1914, 24)
render:show(firefox)
render:set_clip_box(firefox, -4, -4, 10x1040)
render:set_content_clip_box(firefox, 0, 0, 0x0)
render:set_position(emacs, 2859, 24)
render:hide(emacs)
render:set_clip_box(emacs, 0, 0, 0x0)
render:set_content_clip_box(emacs, 0, 0, 0x0)
render:set_position(kitty, 3804, 24)
render:hide(kitty)
render:set_clip_box(kitty, 0, 0, 0x0)
render:set_content_clip_box(kitty, 0, 0, 0x0)
render:set_position(mpv, 1440, 810)
render:show(mpv)
render:set_clip_box(mpv, 0, 0, 0x0)
render:set_content_clip_box(mpv, 0, 0, 0x0)
render:place_top(kitty)
render:place_top(emacs)
render:place_top(firefox)
render:place_top(brave)
render:place_top(feishin)
render:place_top(mpv)
render:set_presentation_mode
== window list ==
0: id=6 identifier=null title=feishin app_id=feishin output=FAKE-1 tags=1 focused=true urgent=false hidden=false presentation=tiled sticky=off swallowing=false labels=
1: id=5 identifier=null title=brave app_id=brave output=FAKE-1 tags=1 focused=false urgent=false hidden=false presentation=tiled sticky=off swallowing=false labels=
2: id=4 identifier=null title=firefox app_id=firefox output=FAKE-1 tags=1 focused=false urgent=false hidden=false presentation=tiled sticky=off swallowing=false labels=
3: id=3 identifier=null title=emacs app_id=emacs output=FAKE-1 tags=1 focused=false urgent=false hidden=true presentation=tiled sticky=off swallowing=false labels=
4: id=2 identifier=null title=kitty app_id=kitty output=FAKE-1 tags=1 focused=false urgent=false hidden=true presentation=tiled sticky=off swallowing=false labels=
5: id=1 identifier=null title=mpv app_id=mpv output=FAKE-1 tags=1 focused=false urgent=false hidden=false presentation=floating sticky=off swallowing=false labels=
manage:focus_window(seat0, feishin)
manage:op_end(seat0)
render:set_position(feishin, 24, 24)
render:show(feishin)
render:set_clip_box(feishin, 0, 0, 0x0)
render:set_content_clip_box(feishin, 0, 0, 0x0)
render:set_position(brave, 969, 24)
render:show(brave)
render:set_clip_box(brave, 0, 0, 0x0)
render:set_content_clip_box(brave, 0, 0, 0x0)
render:set_position(firefox, 1914, 24)
render:show(firefox)
render:set_clip_box(firefox, -4, -4, 10x1040)
render:set_content_clip_box(firefox, 0, 0, 0x0)
render:set_position(emacs, 2859, 24)
render:hide(emacs)
render:set_clip_box(emacs, 0, 0, 0x0)
render:set_content_clip_box(emacs, 0, 0, 0x0)
render:set_position(kitty, 3804, 24)
render:hide(kitty)
render:set_clip_box(kitty, 0, 0, 0x0)
render:set_content_clip_box(kitty, 0, 0, 0x0)
render:set_position(mpv, 1440, 810)
render:show(mpv)
render:set_clip_box(mpv, 0, 0, 0x0)
render:set_content_clip_box(mpv, 0, 0, 0x0)
render:place_top(kitty)
render:place_top(emacs)
render:place_top(firefox)
render:place_top(brave)
render:place_top(feishin)
render:place_top(mpv)
render:set_presentation_mode
== window focus match --app-id=mpv ==
manage:focus_window(seat0, mpv)
manage:op_end(seat0)
render:set_borders(feishin, w=4, rgba=72727272 71717171 69696969 ffffffff)
render:set_borders(mpv, w=4, rgba=7f7f7f7f b4b4b4b4 cacacaca ffffffff)
render:set_position(feishin, 24, 24)
render:show(feishin)
render:set_clip_box(feishin, 0, 0, 0x0)
render:set_content_clip_box(feishin, 0, 0, 0x0)
render:set_position(brave, 969, 24)
render:show(brave)
render:set_clip_box(brave, 0, 0, 0x0)
render:set_content_clip_box(brave, 0, 0, 0x0)
render:set_position(firefox, 1914, 24)
render:show(firefox)
render:set_clip_box(firefox, -4, -4, 10x1040)
render:set_content_clip_box(firefox, 0, 0, 0x0)
render:set_position(emacs, 2859, 24)
render:hide(emacs)
render:set_clip_box(emacs, 0, 0, 0x0)
render:set_content_clip_box(emacs, 0, 0, 0x0)
render:set_position(kitty, 3804, 24)
render:hide(kitty)
render:set_clip_box(kitty, 0, 0, 0x0)
render:set_content_clip_box(kitty, 0, 0, 0x0)
render:set_position(mpv, 1440, 810)
render:show(mpv)
render:set_clip_box(mpv, 0, 0, 0x0)
render:set_content_clip_box(mpv, 0, 0, 0x0)
render:place_top(kitty)
render:place_top(emacs)
render:place_top(firefox)
render:place_top(brave)
render:place_top(feishin)
render:place_top(mpv)
render:set_presentation_mode
manage:focus_window(seat0, mpv)
manage:op_end(seat0)
render:set_position(feishin, 24, 24)
render:show(feishin)
render:set_clip_box(feishin, 0, 0, 0x0)
render:set_content_clip_box(feishin, 0, 0, 0x0)
render:set_position(brave, 969, 24)
render:show(brave)
render:set_clip_box(brave, 0, 0, 0x0)
render:set_content_clip_box(brave, 0, 0, 0x0)
render:set_position(firefox, 1914, 24)
render:show(firefox)
render:set_clip_box(firefox, -4, -4, 10x1040)
render:set_content_clip_box(firefox, 0, 0, 0x0)
render:set_position(emacs, 2859, 24)
render:hide(emacs)
render:set_clip_box(emacs, 0, 0, 0x0)
render:set_content_clip_box(emacs, 0, 0, 0x0)
render:set_position(kitty, 3804, 24)
render:hide(kitty)
render:set_clip_box(kitty, 0, 0, 0x0)
render:set_content_clip_box(kitty, 0, 0, 0x0)
render:set_position(mpv, 1440, 810)
render:show(mpv)
render:set_clip_box(mpv, 0, 0, 0x0)
render:set_content_clip_box(mpv, 0, 0, 0x0)
render:place_top(kitty)
render:place_top(emacs)
render:place_top(firefox)
render:place_top(brave)
render:place_top(feishin)
render:place_top(mpv)
render:set_presentation_mode
== window list ==
0: id=6 identifier=null title=feishin app_id=feishin output=FAKE-1 tags=1 focused=false urgent=false hidden=false presentation=tiled sticky=off swallowing=false labels=
1: id=5 identifier=null title=brave app_id=brave output=FAKE-1 tags=1 focused=false urgent=false hidden=false presentation=tiled sticky=off swallowing=false labels=
2: id=4 identifier=null title=firefox app_id=firefox output=FAKE-1 tags=1 focused=false urgent=false hidden=false presentation=tiled sticky=off swallowing=false labels=
3: id=3 identifier=null title=emacs app_id=emacs output=FAKE-1 tags=1 focused=false urgent=false hidden=true presentation=tiled sticky=off swallowing=false labels=
4: id=2 identifier=null title=kitty app_id=kitty output=FAKE-1 tags=1 focused=false urgent=false hidden=true presentation=tiled sticky=off swallowing=false labels=
5: id=1 identifier=null title=mpv app_id=mpv output=FAKE-1 tags=1 focused=true urgent=false hidden=false presentation=floating sticky=off swallowing=false labels=
manage:focus_window(seat0, mpv)
manage:op_end(seat0)
render:set_position(feishin, 24, 24)
render:show(feishin)
render:set_clip_box(feishin, 0, 0, 0x0)
render:set_content_clip_box(feishin, 0, 0, 0x0)
render:set_position(brave, 969, 24)
render:show(brave)
render:set_clip_box(brave, 0, 0, 0x0)
render:set_content_clip_box(brave, 0, 0, 0x0)
render:set_position(firefox, 1914, 24)
render:show(firefox)
render:set_clip_box(firefox, -4, -4, 10x1040)
render:set_content_clip_box(firefox, 0, 0, 0x0)
render:set_position(emacs, 2859, 24)
render:hide(emacs)
render:set_clip_box(emacs, 0, 0, 0x0)
render:set_content_clip_box(emacs, 0, 0, 0x0)
render:set_position(kitty, 3804, 24)
render:hide(kitty)
render:set_clip_box(kitty, 0, 0, 0x0)
render:set_content_clip_box(kitty, 0, 0, 0x0)
render:set_position(mpv, 1440, 810)
render:show(mpv)
render:set_clip_box(mpv, 0, 0, 0x0)
render:set_content_clip_box(mpv, 0, 0, 0x0)
render:place_top(kitty)
render:place_top(emacs)
render:place_top(firefox)
render:place_top(brave)
render:place_top(feishin)
render:place_top(mpv)
render:set_presentation_mode
