
== arrive ==
render:set_presentation_mode
render:set_presentation_mode
render:set_presentation_mode
manage:get_seat
manage:get_xkb_binding
manage:get_xkb_binding
manage:get_xkb_binding
manage:get_xkb_binding
manage:get_xkb_binding
manage:get_xkb_binding
manage:get_xkb_binding
manage:get_xkb_binding
manage:get_xkb_binding
manage:get_xkb_binding
manage:get_xkb_binding
manage:get_xkb_binding
manage:get_xkb_binding
manage:get_xkb_binding
manage:get_xkb_binding
manage:get_xkb_binding
manage:get_xkb_binding
manage:get_xkb_binding
manage:get_xkb_binding
manage:get_xkb_binding
manage:get_xkb_binding
manage:get_xkb_binding
manage:get_xkb_binding
manage:get_xkb_binding
manage:get_xkb_binding
manage:get_xkb_binding
manage:get_xkb_binding
manage:get_xkb_binding
manage:get_xkb_binding
manage:get_xkb_binding
manage:get_xkb_binding
manage:get_xkb_binding
manage:get_xkb_binding
manage:get_xkb_binding
manage:get_xkb_binding
manage:get_xkb_binding
manage:get_xkb_binding
manage:get_xkb_binding
manage:get_pointer_binding(seat0)
manage:get_pointer_binding(seat0)
manage:clear_focus(seat0)
manage:enable
manage:enable
manage:enable
manage:enable
manage:enable
manage:enable
manage:enable
manage:enable
manage:enable
manage:enable
manage:enable
manage:enable
manage:enable
manage:enable
manage:enable
manage:enable
manage:enable
manage:enable
manage:enable
manage:enable
manage:enable
manage:enable
manage:enable
manage:enable
manage:enable
manage:enable
manage:enable
manage:enable
manage:enable
manage:enable
manage:enable
manage:enable
manage:enable
manage:enable
manage:enable
manage:enable
manage:enable
manage:enable
manage:enable
manage:enable
manage:op_end(seat0)
manage:clear_focus(seat0)
manage:op_end(seat0)
render:set_presentation_mode
render:set_presentation_mode
manage:get_node(kitty)
manage:set_capabilities(kitty)
manage:propose_dimensions(kitty, 1872x1032)
manage:set_tiled(kitty)
manage:use_ssd(kitty)
manage:inform_unmaximized(kitty)
manage:inform_not_fullscreen(kitty)
manage:inform_resize_end(kitty)
manage:focus_window(seat0, kitty)
manage:op_end(seat0)
manage:focus_window(seat0, kitty)
manage:op_end(seat0)
render:set_borders(kitty, w=4, rgba=7f7f7f7f b4b4b4b4 cacacaca ffffffff)
render:set_position(kitty, 24, 24)
render:show(kitty)
render:set_clip_box(kitty, 0, 0, 0x0)
render:set_content_clip_box(kitty, 0, 0, 0x0)
render:place_top(kitty)
render:set_presentation_mode
render:set_position(kitty, 24, 24)
render:show(kitty)
render:set_clip_box(kitty, 0, 0, 0x0)
render:set_content_clip_box(kitty, 0, 0, 0x0)
render:place_top(kitty)
render:set_presentation_mode
manage:get_node(emacs)
manage:set_capabilities(emacs)
manage:propose_dimensions(emacs, 1021x1032)
manage:set_tiled(emacs)
manage:use_ssd(emacs)
manage:inform_unmaximized(emacs)
manage:inform_not_fullscreen(emacs)
manage:inform_resize_end(emacs)
manage:propose_dimensions(kitty, 833x1032)
manage:focus_window(seat0, emacs)
manage:op_end(seat0)
manage:focus_window(seat0, emacs)
manage:op_end(seat0)
render:set_borders(emacs, w=4, rgba=7f7f7f7f b4b4b4b4 cacacaca ffffffff)
render:set_borders(kitty, w=4, rgba=72727272 71717171 69696969 ffffffff)
render:set_position(emacs, 24, 24)
render:show(emacs)
render:set_clip_box(emacs, 0, 0, 0x0)
render:set_content_clip_box(emacs, 0, 0, 0x0)
render:set_position(kitty, 1063, 24)
render:show(kitty)
render:set_clip_box(kitty, 0, 0, 0x0)
render:set_content_clip_box(kitty, 0, 0, 0x0)
render:place_top(kitty)
render:place_top(emacs)
render:set_presentation_mode
render:set_position(emacs, 24, 24)
render:show(emacs)
render:set_clip_box(emacs, 0, 0, 0x0)
render:set_content_clip_box(emacs, 0, 0, 0x0)
render:set_position(kitty, 1063, 24)
render:show(kitty)
render:set_clip_box(kitty, 0, 0, 0x0)
render:set_content_clip_box(kitty, 0, 0, 0x0)
render:place_top(kitty)
render:place_top(emacs)
render:set_presentation_mode

== window tag set 2 ==
manage:propose_dimensions(kitty, 1872x1032)
manage:focus_window(seat0, kitty)
manage:op_end(seat0)
render:set_borders(emacs, w=4, rgba=72727272 71717171 69696969 ffffffff)
render:set_borders(kitty, w=4, rgba=7f7f7f7f b4b4b4b4 cacacaca ffffffff)
render:set_position(emacs, 24, 24)
render:hide(emacs)
render:set_clip_box(emacs, 0, 0, 0x0)
render:set_content_clip_box(emacs, 0, 0, 0x0)
render:set_position(kitty, 24, 24)
render:show(kitty)
render:set_clip_box(kitty, 0, 0, 0x0)
render:set_content_clip_box(kitty, 0, 0, 0x0)
render:place_top(kitty)
render:set_presentation_mode
manage:focus_window(seat0, kitty)
manage:op_end(seat0)
render:set_position(emacs, 24, 24)
render:hide(emacs)
render:set_clip_box(emacs, 0, 0, 0x0)
render:set_content_clip_box(emacs, 0, 0, 0x0)
render:set_position(kitty, 24, 24)
render:show(kitty)
render:set_clip_box(kitty, 0, 0, 0x0)
render:set_content_clip_box(kitty, 0, 0, 0x0)
render:place_top(kitty)
render:set_presentation_mode

== window toggle sticky all ==
manage:focus_window(seat0, kitty)
manage:op_end(seat0)
render:set_position(emacs, 24, 24)
render:hide(emacs)
render:set_clip_box(emacs, 0, 0, 0x0)
render:set_content_clip_box(emacs, 0, 0, 0x0)
render:set_position(kitty, 24, 24)
render:show(kitty)
render:set_clip_box(kitty, 0, 0, 0x0)
render:set_content_clip_box(kitty, 0, 0, 0x0)
render:place_top(kitty)
render:set_presentation_mode
manage:focus_window(seat0, kitty)
manage:op_end(seat0)
render:set_position(emacs, 24, 24)
render:hide(emacs)
render:set_clip_box(emacs, 0, 0, 0x0)
render:set_content_clip_box(emacs, 0, 0, 0x0)
render:set_position(kitty, 24, 24)
render:show(kitty)
render:set_clip_box(kitty, 0, 0, 0x0)
render:set_content_clip_box(kitty, 0, 0, 0x0)
render:place_top(kitty)
render:set_presentation_mode

== tag view 2 ==
manage:propose_dimensions(kitty, 833x1032)
manage:focus_window(seat0, kitty)
manage:op_end(seat0)
render:set_position(emacs, 24, 24)
render:show(emacs)
render:set_clip_box(emacs, 0, 0, 0x0)
render:set_content_clip_box(emacs, 0, 0, 0x0)
render:set_position(kitty, 1063, 24)
render:show(kitty)
render:set_clip_box(kitty, 0, 0, 0x0)
render:set_content_clip_box(kitty, 0, 0, 0x0)
render:place_top(emacs)
render:place_top(kitty)
render:set_presentation_mode
manage:focus_window(seat0, kitty)
manage:op_end(seat0)
render:set_position(emacs, 24, 24)
render:show(emacs)
render:set_clip_box(emacs, 0, 0, 0x0)
render:set_content_clip_box(emacs, 0, 0, 0x0)
render:set_position(kitty, 1063, 24)
render:show(kitty)
render:set_clip_box(kitty, 0, 0, 0x0)
render:set_content_clip_box(kitty, 0, 0, 0x0)
render:place_top(emacs)
render:place_top(kitty)
render:set_presentation_mode

== window sticky occupied ==
manage:focus_window(seat0, kitty)
manage:op_end(seat0)
render:set_position(emacs, 24, 24)
render:show(emacs)
render:set_clip_box(emacs, 0, 0, 0x0)
render:set_content_clip_box(emacs, 0, 0, 0x0)
render:set_position(kitty, 1063, 24)
render:show(kitty)
render:set_clip_box(kitty, 0, 0, 0x0)
render:set_content_clip_box(kitty, 0, 0, 0x0)
render:place_top(emacs)
render:place_top(kitty)
render:set_presentation_mode
manage:focus_window(seat0, kitty)
manage:op_end(seat0)
render:set_position(emacs, 24, 24)
render:show(emacs)
render:set_clip_box(emacs, 0, 0, 0x0)
render:set_content_clip_box(emacs, 0, 0, 0x0)
render:set_position(kitty, 1063, 24)
render:show(kitty)
render:set_clip_box(kitty, 0, 0, 0x0)
render:set_content_clip_box(kitty, 0, 0, 0x0)
render:place_top(emacs)
render:place_top(kitty)
render:set_presentation_mode

== tag view 3 ==
manage:clear_focus(seat0)
manage:op_end(seat0)
render:set_borders(kitty, w=4, rgba=72727272 71717171 69696969 ffffffff)
render:set_position(emacs, 24, 24)
render:hide(emacs)
render:set_clip_box(emacs, 0, 0, 0x0)
render:set_content_clip_box(emacs, 0, 0, 0x0)
render:set_position(kitty, 1063, 24)
render:hide(kitty)
render:set_clip_box(kitty, 0, 0, 0x0)
render:set_content_clip_box(kitty, 0, 0, 0x0)
render:set_presentation_mode
manage:clear_focus(seat0)
manage:op_end(seat0)
render:set_position(emacs, 24, 24)
render:hide(emacs)
render:set_clip_box(emacs, 0, 0, 0x0)
render:set_content_clip_box(emacs, 0, 0, 0x0)
render:set_position(kitty, 1063, 24)
render:hide(kitty)
render:set_clip_box(kitty, 0, 0, 0x0)
render:set_content_clip_box(kitty, 0, 0, 0x0)
render:set_presentation_mode

== window query ==
{"seat":"seat0","output":"FAKE-1","title":null,"app_id":null,"tags":null}
manage:clear_focus(seat0)
manage:op_end(seat0)
render:set_position(emacs, 24, 24)
render:hide(emacs)
render:set_clip_box(emacs, 0, 0, 0x0)
render:set_content_clip_box(emacs, 0, 0, 0x0)
render:set_position(kitty, 1063, 24)
render:hide(kitty)
render:set_clip_box(kitty, 0, 0, 0x0)
render:set_content_clip_box(kitty, 0, 0, 0x0)
render:set_presentation_mode

== window sticky off --app-id=kitty ==
manage:clear_focus(seat0)
manage:op_end(seat0)
render:set_position(emacs, 24, 24)
render:hide(emacs)
render:set_clip_box(emacs, 0, 0, 0x0)
render:set_content_clip_box(emacs, 0, 0, 0x0)
render:set_position(kitty, 1063, 24)
render:hide(kitty)
render:set_clip_box(kitty, 0, 0, 0x0)
render:set_content_clip_box(kitty, 0, 0, 0x0)
render:set_presentation_mode
manage:clear_focus(seat0)
manage:op_end(seat0)
render:set_position(emacs, 24, 24)
render:hide(emacs)
render:set_clip_box(emacs, 0, 0, 0x0)
render:set_content_clip_box(emacs, 0, 0, 0x0)
render:set_position(kitty, 1063, 24)
render:hide(kitty)
render:set_clip_box(kitty, 0, 0, 0x0)
render:set_content_clip_box(kitty, 0, 0, 0x0)
render:set_presentation_mode

== tag view 1 ==
manage:propose_dimensions(kitty, 1872x1032)
manage:focus_window(seat0, kitty)
manage:op_end(seat0)
render:set_borders(kitty, w=4, rgba=7f7f7f7f b4b4b4b4 cacacaca ffffffff)
render:set_position(emacs, 24, 24)
render:hide(emacs)
render:set_clip_box(emacs, 0, 0, 0x0)
render:set_content_clip_box(emacs, 0, 0, 0x0)
render:set_position(kitty, 24, 24)
render:show(kitty)
render:set_clip_box(kitty, 0, 0, 0x0)
render:set_content_clip_box(kitty, 0, 0, 0x0)
render:place_top(kitty)
render:set_presentation_mode
manage:focus_window(seat0, kitty)
manage:op_end(seat0)
render:set_position(emacs, 24, 24)
render:hide(emacs)
render:set_clip_box(emacs, 0, 0, 0x0)
render:set_content_clip_box(emacs, 0, 0, 0x0)
render:set_position(kitty, 24, 24)
render:show(kitty)
render:set_clip_box(kitty, 0, 0, 0x0)
render:set_content_clip_box(kitty, 0, 0, 0x0)
render:place_top(kitty)
render:set_presentation_mode

== add windows ==
manage:get_node(mpv)
manage:set_capabilities(mpv)
manage:propose_dimensions(mpv, 1021x1032)
manage:set_tiled(mpv)
manage:use_ssd(mpv)
manage:inform_unmaximized(mpv)
manage:inform_not_fullscreen(mpv)
manage:inform_resize_end(mpv)
manage:propose_dimensions(kitty, 833x1032)
manage:focus_window(seat0, mpv)
manage:op_end(seat0)
manage:focus_window(seat0, mpv)
manage:op_end(seat0)
render:set_borders(mpv, w=4, rgba=7f7f7f7f b4b4b4b4 cacacaca ffffffff)
render:set_borders(kitty, w=4, rgba=72727272 71717171 69696969 ffffffff)
render:set_position(mpv, 24, 24)
render:show(mpv)
render:set_clip_box(mpv, 0, 0, 0x0)
render:set_content_clip_box(mpv, 0, 0, 0x0)
render:set_position(emacs, 24, 24)
render:hide(emacs)
render:set_clip_box(emacs, 0, 0, 0x0)
render:set_content_clip_box(emacs, 0, 0, 0x0)
render:set_position(kitty, 1063, 24)
render:show(kitty)
render:set_clip_box(kitty, 0, 0, 0x0)
render:set_content_clip_box(kitty, 0, 0, 0x0)
render:place_top(kitty)
render:place_top(mpv)
render:set_presentation_mode
render:set_position(mpv, 24, 24)
render:show(mpv)
render:set_clip_box(mpv, 0, 0, 0x0)
render:set_content_clip_box(mpv, 0, 0, 0x0)
render:set_position(emacs, 24, 24)
render:hide(emacs)
render:set_clip_box(emacs, 0, 0, 0x0)
render:set_content_clip_box(emacs, 0, 0, 0x0)
render:set_position(kitty, 1063, 24)
render:show(kitty)
render:set_clip_box(kitty, 0, 0, 0x0)
render:set_content_clip_box(kitty, 0, 0, 0x0)
render:place_top(kitty)
render:place_top(mpv)
render:set_presentation_mode
manage:get_node(firefox)
manage:set_capabilities(firefox)
manage:propose_dimensions(firefox, 1021x1032)
manage:set_tiled(firefox)
manage:use_ssd(firefox)
manage:inform_unmaximized(firefox)
manage:inform_not_fullscreen(firefox)
manage:inform_resize_end(firefox)
manage:propose_dimensions(mpv, 833x507)
manage:propose_dimensions(kitty, 833x507)
manage:focus_window(seat0, firefox)
manage:op_end(seat0)
manage:focus_window(seat0, firefox)
manage:op_end(seat0)
render:set_borders(firefox, w=4, rgba=7f7f7f7f b4b4b4b4 cacacaca ffffffff)
render:set_borders(mpv, w=4, rgba=72727272 71717171 69696969 ffffffff)
render:set_position(firefox, 24, 24)
render:show(firefox)
render:set_clip_box(firefox, 0, 0, 0x0)
render:set_content_clip_box(firefox, 0, 0, 0x0)
render:set_position(mpv, 1063, 24)
render:show(mpv)
render:set_clip_box(mpv, 0, 0, 0x0)
render:set_content_clip_box(mpv, 0, 0, 0x0)
render:set_position(emacs, 24, 24)
render:hide(emacs)
render:set_clip_box(emacs, 0, 0, 0x0)
render:set_content_clip_box(emacs, 0, 0, 0x0)
render:set_position(kitty, 1063, 549)
render:show(kitty)
render:set_clip_box(kitty, 0, 0, 0x0)
render:set_content_clip_box(kitty, 0, 0, 0x0)
render:place_top(kitty)
render:place_top(mpv)
render:place_top(firefox)
render:set_presentation_mode
render:set_position(firefox, 24, 24)
render:show(firefox)
render:set_clip_box(firefox, 0, 0, 0x0)
render:set_content_clip_box(firefox, 0, 0, 0x0)
render:set_position(mpv, 1063, 24)
render:show(mpv)
render:set_clip_box(mpv, 0, 0, 0x0)
render:set_content_clip_box(mpv, 0, 0, 0x0)
render:set_position(emacs, 24, 24)
render:hide(emacs)
render:set_clip_box(emacs, 0, 0, 0x0)
render:set_content_clip_box(emacs, 0, 0, 0x0)
render:set_position(kitty, 1063, 549)
render:show(kitty)
render:set_clip_box(kitty, 0, 0, 0x0)
render:set_content_clip_box(kitty, 0, 0, 0x0)
render:place_top(kitty)
render:place_top(mpv)
render:place_top(firefox)
render:set_presentation_mode

== window tag set 2 ==
manage:propose_dimensions(mpv, 1021x1032)
manage:propose_dimensions(kitty, 833x1032)
manage:focus_window(seat0, mpv)
manage:op_end(seat0)
render:set_borders(firefox, w=4, rgba=72727272 71717171 69696969 ffffffff)
render:set_borders(mpv, w=4, rgba=7f7f7f7f b4b4b4b4 cacacaca ffffffff)
render:set_position(firefox, 24, 24)
render:hide(firefox)
render:set_clip_box(firefox, 0, 0, 0x0)
render:set_content_clip_box(firefox, 0, 0, 0x0)
render:set_position(mpv, 24, 24)
render:show(mpv)
render:set_clip_box(mpv, 0, 0, 0x0)
render:set_content_clip_box(mpv, 0, 0, 0x0)
render:set_position(emacs, 24, 24)
render:hide(emacs)
render:set_clip_box(emacs, 0, 0, 0x0)
render:set_content_clip_box(emacs, 0, 0, 0x0)
render:set_position(kitty, 1063, 24)
render:show(kitty)
render:set_clip_box(kitty, 0, 0, 0x0)
render:set_content_clip_box(kitty, 0, 0, 0x0)
render:place_top(kitty)
render:place_top(mpv)
render:set_presentation_mode
manage:focus_window(seat0, mpv)
manage:op_end(seat0)
render:set_position(firefox, 24, 24)
render:hide(firefox)
render:set_clip_box(firefox, 0, 0, 0x0)
render:set_content_clip_box(firefox, 0, 0, 0x0)
render:set_position(mpv, 24, 24)
render:show(mpv)
render:set_clip_box(mpv, 0, 0, 0x0)
render:set_content_clip_box(mpv, 0, 0, 0x0)
render:set_position(emacs, 24, 24)
render:hide(emacs)
render:set_clip_box(emacs, 0, 0, 0x0)
render:set_content_clip_box(emacs, 0, 0, 0x0)
render:set_position(kitty, 1063, 24)
render:show(kitty)
render:set_clip_box(kitty, 0, 0, 0x0)
render:set_content_clip_box(kitty, 0, 0, 0x0)
render:place_top(kitty)
render:place_top(mpv)
render:set_presentation_mode

== window focus match --app-id=kitty ==
manage:focus_window(seat0, kitty)
manage:op_end(seat0)
render:set_borders(mpv, w=4, rgba=72727272 71717171 69696969 ffffffff)
render:set_borders(kitty, w=4, rgba=7f7f7f7f b4b4b4b4 cacacaca ffffffff)
render:set_position(firefox, 24, 24)
render:hide(firefox)
render:set_clip_box(firefox, 0, 0, 0x0)
render:set_content_clip_box(firefox, 0, 0, 0x0)
render:set_position(mpv, 24, 24)
render:show(mpv)
render:set_clip_box(mpv, 0, 0, 0x0)
render:set_content_clip_box(mpv, 0, 0, 0x0)
render:set_position(emacs, 24, 24)
render:hide(emacs)
render:set_clip_box(emacs, 0, 0, 0x0)
render:set_content_clip_box(emacs, 0, 0, 0x0)
render:set_position(kitty, 1063, 24)
render:show(kitty)
render:set_clip_box(kitty, 0, 0, 0x0)
render:set_content_clip_box(kitty, 0, 0, 0x0)
render:place_top(mpv)
render:place_top(kitty)
render:set_presentation_mode

== window list ==
ID  IDENTIFIER  TITLE    APP-ID   OUTPUT  TAGS  FOCUSED  URGENT  CAPTURED  HIDDEN  PRESENTATION  STICKY  SCRATCHPAD  STASHED  SWALLOWING  LABELS
4   null        firefox  firefox  FAKE-1  2     false    false   false     true    tiled         off     null        false    false
3   null        mpv      mpv      FAKE-1  1     false    false   false     false   tiled         off     null        false    false
2   null        emacs    emacs    FAKE-1  2     false    false   false     true    tiled         off     null        false    false
1   null        kitty    kitty    FAKE-1  1     true     false   false     false   tiled         off     null        false    false
manage:focus_window(seat0, kitty)
manage:op_end(seat0)
render:set_position(firefox, 24, 24)
render:hide(firefox)
render:set_clip_box(firefox, 0, 0, 0x0)
render:set_content_clip_box(firefox, 0, 0, 0x0)
render:set_position(mpv, 24, 24)
render:show(mpv)
render:set_clip_box(mpv, 0, 0, 0x0)
render:set_content_clip_box(mpv, 0, 0, 0x0)
render:set_position(emacs, 24, 24)
render:hide(emacs)
render:set_clip_box(emacs, 0, 0, 0x0)
render:set_content_clip_box(emacs, 0, 0, 0x0)
render:set_position(kitty, 1063, 24)
render:show(kitty)
render:set_clip_box(kitty, 0, 0, 0x0)
render:set_content_clip_box(kitty, 0, 0, 0x0)
render:place_top(mpv)
render:place_top(kitty)
render:set_presentation_mode

== window sticky occupied --app-id=mpv ==
manage:focus_window(seat0, kitty)
manage:op_end(seat0)
render:set_position(firefox, 24, 24)
render:hide(firefox)
render:set_clip_box(firefox, 0, 0, 0x0)
render:set_content_clip_box(firefox, 0, 0, 0x0)
render:set_position(mpv, 24, 24)
render:show(mpv)
render:set_clip_box(mpv, 0, 0, 0x0)
render:set_content_clip_box(mpv, 0, 0, 0x0)
render:set_position(emacs, 24, 24)
render:hide(emacs)
render:set_clip_box(emacs, 0, 0, 0x0)
render:set_content_clip_box(emacs, 0, 0, 0x0)
render:set_position(kitty, 1063, 24)
render:show(kitty)
render:set_clip_box(kitty, 0, 0, 0x0)
render:set_content_clip_box(kitty, 0, 0, 0x0)
render:place_top(mpv)
render:place_top(kitty)
render:set_presentation_mode
manage:focus_window(seat0, kitty)
manage:op_end(seat0)
render:set_position(firefox, 24, 24)
render:hide(firefox)
render:set_clip_box(firefox, 0, 0, 0x0)
render:set_content_clip_box(firefox, 0, 0, 0x0)
render:set_position(mpv, 24, 24)
render:show(mpv)
render:set_clip_box(mpv, 0, 0, 0x0)
render:set_content_clip_box(mpv, 0, 0, 0x0)
render:set_position(emacs, 24, 24)
render:hide(emacs)
render:set_clip_box(emacs, 0, 0, 0x0)
render:set_content_clip_box(emacs, 0, 0, 0x0)
render:set_position(kitty, 1063, 24)
render:show(kitty)
render:set_clip_box(kitty, 0, 0, 0x0)
render:set_content_clip_box(kitty, 0, 0, 0x0)
render:place_top(mpv)
render:place_top(kitty)
render:set_presentation_mode

== tag view 2 ==
manage:propose_dimensions(mpv, 833x507)
manage:propose_dimensions(emacs, 833x507)
manage:focus_window(seat0, firefox)
manage:op_end(seat0)
render:set_borders(firefox, w=4, rgba=7f7f7f7f b4b4b4b4 cacacaca ffffffff)
render:set_borders(kitty, w=4, rgba=72727272 71717171 69696969 ffffffff)
render:set_position(firefox, 24, 24)
render:show(firefox)
render:set_clip_box(firefox, 0, 0, 0x0)
render:set_content_clip_box(firefox, 0, 0, 0x0)
render:set_position(mpv, 1063, 24)
render:show(mpv)
render:set_clip_box(mpv, 0, 0, 0x0)
render:set_content_clip_box(mpv, 0, 0, 0x0)
render:set_position(emacs, 1063, 549)
render:show(emacs)
render:set_clip_box(emacs, 0, 0, 0x0)
render:set_content_clip_box(emacs, 0, 0, 0x0)
render:set_position(kitty, 1063, 24)
render:hide(kitty)
render:set_clip_box(kitty, 0, 0, 0x0)
render:set_content_clip_box(kitty, 0, 0, 0x0)
render:place_top(emacs)
render:place_top(mpv)
render:place_top(firefox)
render:set_presentation_mode
manage:focus_window(seat0, firefox)
manage:op_end(seat0)
render:set_position(firefox, 24, 24)
render:show(firefox)
render:set_clip_box(firefox, 0, 0, 0x0)
render:set_content_clip_box(firefox, 0, 0, 0x0)
render:set_position(mpv, 1063, 24)
render:show(mpv)
render:set_clip_box(mpv, 0, 0, 0x0)
render:set_content_clip_box(mpv, 0, 0, 0x0)
render:set_position(emacs, 1063, 549)
render:show(emacs)
render:set_clip_box(emacs, 0, 0, 0x0)
render:set_content_clip_box(emacs, 0, 0, 0x0)
render:set_position(kitty, 1063, 24)
render:hide(kitty)
render:set_clip_box(kitty, 0, 0, 0x0)
render:set_content_clip_box(kitty, 0, 0, 0x0)
render:place_top(emacs)
render:place_top(mpv)
render:place_top(firefox)
render:set_presentation_mode

== window list ==
ID  IDENTIFIER  TITLE    APP-ID   OUTPUT  TAGS  FOCUSED  URGENT  CAPTURED  HIDDEN  PRESENTATION  STICKY    SCRATCHPAD  STASHED  SWALLOWING  LABELS
4   null        firefox  firefox  FAKE-1  2     true     false   false     false   tiled         off       null        false    false
3   null        mpv      mpv      FAKE-1  1     false    false   false     false   tiled         occupied  null        false    false
2   null        emacs    emacs    FAKE-1  2     false    false   false     false   tiled         off       null        false    false
1   null        kitty    kitty    FAKE-1  1     false    false   false     true    tiled         off       null        false    false
manage:focus_window(seat0, firefox)
manage:op_end(seat0)
render:set_position(firefox, 24, 24)
render:show(firefox)
render:set_clip_box(firefox, 0, 0, 0x0)
render:set_content_clip_box(firefox, 0, 0, 0x0)
render:set_position(mpv, 1063, 24)
render:show(mpv)
render:set_clip_box(mpv, 0, 0, 0x0)
render:set_content_clip_box(mpv, 0, 0, 0x0)
render:set_position(emacs, 1063, 549)
render:show(emacs)
render:set_clip_box(emacs, 0, 0, 0x0)
render:set_content_clip_box(emacs, 0, 0, 0x0)
render:set_position(kitty, 1063, 24)
render:hide(kitty)
render:set_clip_box(kitty, 0, 0, 0x0)
render:set_content_clip_box(kitty, 0, 0, 0x0)
render:place_top(emacs)
render:place_top(mpv)
render:place_top(firefox)
render:set_presentation_mode

== tag view 1 ==
manage:propose_dimensions(mpv, 1021x1032)
manage:focus_window(seat0, kitty)
manage:op_end(seat0)
render:set_borders(firefox, w=4, rgba=72727272 71717171 69696969 ffffffff)
render:set_borders(kitty, w=4, rgba=7f7f7f7f b4b4b4b4 cacacaca ffffffff)
render:set_position(firefox, 24, 24)
render:hide(firefox)
render:set_clip_box(firefox, 0, 0, 0x0)
render:set_content_clip_box(firefox, 0, 0, 0x0)
render:set_position(mpv, 24, 24)
render:show(mpv)
render:set_clip_box(mpv, 0, 0, 0x0)
render:set_content_clip_box(mpv, 0, 0, 0x0)
render:set_position(emacs, 1063, 549)
render:hide(emacs)
render:set_clip_box(emacs, 0, 0, 0x0)
render:set_content_clip_box(emacs, 0, 0, 0x0)
render:set_position(kitty, 1063, 24)
render:show(kitty)
render:set_clip_box(kitty, 0, 0, 0x0)
render:set_content_clip_box(kitty, 0, 0, 0x0)
render:place_top(mpv)
render:place_top(kitty)
render:set_presentation_mode
manage:focus_window(seat0, kitty)
manage:op_end(seat0)
render:set_position(firefox, 24, 24)
render:hide(firefox)
render:set_clip_box(firefox, 0, 0, 0x0)
render:set_content_clip_box(firefox, 0, 0, 0x0)
render:set_position(mpv, 24, 24)
render:show(mpv)
render:set_clip_box(mpv, 0, 0, 0x0)
render:set_content_clip_box(mpv, 0, 0, 0x0)
render:set_position(emacs, 1063, 549)
render:hide(emacs)
render:set_clip_box(emacs, 0, 0, 0x0)
render:set_content_clip_box(emacs, 0, 0, 0x0)
render:set_position(kitty, 1063, 24)
render:show(kitty)
render:set_clip_box(kitty, 0, 0, 0x0)
render:set_content_clip_box(kitty, 0, 0, 0x0)
render:place_top(mpv)
render:place_top(kitty)
render:set_presentation_mode

== window list ==
ID  IDENTIFIER  TITLE    APP-ID   OUTPUT  TAGS  FOCUSED  URGENT  CAPTURED  HIDDEN  PRESENTATION  STICKY    SCRATCHPAD  STASHED  SWALLOWING  LABELS
4   null        firefox  firefox  FAKE-1  2     false    false   false     true    tiled         off       null        false    false
3   null        mpv      mpv      FAKE-1  1     false    false   false     false   tiled         occupied  null        false    false
2   null        emacs    emacs    FAKE-1  2     false    false   false     true    tiled         off       null        false    false
1   null        kitty    kitty    FAKE-1  1     true     false   false     false   tiled         off       null        false    false
manage:focus_window(seat0, kitty)
manage:op_end(seat0)
render:set_position(firefox, 24, 24)
render:hide(firefox)
render:set_clip_box(firefox, 0, 0, 0x0)
render:set_content_clip_box(firefox, 0, 0, 0x0)
render:set_position(mpv, 24, 24)
render:show(mpv)
render:set_clip_box(mpv, 0, 0, 0x0)
render:set_content_clip_box(mpv, 0, 0, 0x0)
render:set_position(emacs, 1063, 549)
render:hide(emacs)
render:set_clip_box(emacs, 0, 0, 0x0)
render:set_content_clip_box(emacs, 0, 0, 0x0)
render:set_position(kitty, 1063, 24)
render:show(kitty)
render:set_clip_box(kitty, 0, 0, 0x0)
render:set_content_clip_box(kitty, 0, 0, 0x0)
render:place_top(mpv)
render:place_top(kitty)
render:set_presentation_mode
