
== arrive ==
render:set_presentation_mode(FAKE-1, vsync)
render:set_presentation_mode(FAKE-1, vsync)
render:set_presentation_mode(FAKE-1, vsync)
manage:get_seat
manage:get_xkb_binding(key=0x31, mods=0x40)
manage:get_xkb_binding(key=0x32, mods=0x40)
manage:get_xkb_binding(key=0x33, mods=0x40)
manage:get_xkb_binding(key=0x34, mods=0x40)
manage:get_xkb_binding(key=0x35, mods=0x40)
manage:get_xkb_binding(key=0x36, mods=0x40)
manage:get_xkb_binding(key=0x37, mods=0x40)
manage:get_xkb_binding(key=0x38, mods=0x40)
manage:get_xkb_binding(key=0x39, mods=0x40)
manage:get_xkb_binding(key=0xff0d, mods=0x40)
manage:get_xkb_binding(key=0x71, mods=0x40)
manage:get_xkb_binding(key=0x51, mods=0x40)
manage:get_xkb_binding(key=0x6a, mods=0x40)
manage:get_xkb_binding(key=0x6b, mods=0x40)
manage:get_xkb_binding(key=0x6c, mods=0x40)
manage:get_xkb_binding(key=0x68, mods=0x40)
manage:get_xkb_binding(key=0xff09, mods=0x40)
manage:get_xkb_binding(key=0xfe20, mods=0x40)
manage:get_xkb_binding(key=0x74, mods=0x40)
manage:get_xkb_binding(key=0x73, mods=0x40)
manage:get_xkb_binding(key=0x66, mods=0x40)
manage:get_xkb_binding(key=0x76, mods=0x40)
manage:get_xkb_binding(key=0x20, mods=0x40)
manage:get_xkb_binding(key=0x4a, mods=0x40)
manage:get_xkb_binding(key=0x4b, mods=0x40)
manage:get_xkb_binding(key=0x79, mods=0x40)
manage:get_xkb_binding(key=0x69, mods=0x40)
manage:get_xkb_binding(key=0x7a, mods=0x40)
manage:get_xkb_binding(key=0x78, mods=0x40)
manage:get_xkb_binding(key=0x63, mods=0x40)
manage:get_xkb_binding(key=0x2c, mods=0x40)
manage:get_xkb_binding(key=0x2e, mods=0x40)
manage:get_xkb_binding(key=0x6c, mods=0x44)
manage:get_xkb_binding(key=0x68, mods=0x44)
manage:get_xkb_binding(key=0x2d, mods=0x40)
manage:get_xkb_binding(key=0x3d, mods=0x40)
manage:get_xkb_binding(key=0x72, mods=0x40)
manage:get_xkb_binding(key=0x52, mods=0x40)
manage:get_pointer_binding(seat0, btn=272, mods=0x40)
manage:get_pointer_binding(seat0, btn=273, mods=0x40)
manage:clear_focus(seat0)
manage:enable(key=0x52, mods=0x40)
manage:enable(key=0x72, mods=0x40)
manage:enable(key=0x3d, mods=0x40)
manage:enable(key=0x2d, mods=0x40)
manage:enable(key=0x68, mods=0x44)
manage:enable(key=0x6c, mods=0x44)
manage:enable(key=0x2e, mods=0x40)
manage:enable(key=0x2c, mods=0x40)
manage:enable(key=0x63, mods=0x40)
manage:enable(key=0x78, mods=0x40)
manage:enable(key=0x7a, mods=0x40)
manage:enable(key=0x69, mods=0x40)
manage:enable(key=0x79, mods=0x40)
manage:enable(key=0x4b, mods=0x40)
manage:enable(key=0x4a, mods=0x40)
manage:enable(key=0x20, mods=0x40)
manage:enable(key=0x76, mods=0x40)
manage:enable(key=0x66, mods=0x40)
manage:enable(key=0x73, mods=0x40)
manage:enable(key=0x74, mods=0x40)
manage:enable(key=0xfe20, mods=0x40)
manage:enable(key=0xff09, mods=0x40)
manage:enable(key=0x68, mods=0x40)
manage:enable(key=0x6c, mods=0x40)
manage:enable(key=0x6b, mods=0x40)
manage:enable(key=0x6a, mods=0x40)
manage:enable(key=0x51, mods=0x40)
manage:enable(key=0x71, mods=0x40)
manage:enable(key=0xff0d, mods=0x40)
manage:enable(key=0x39, mods=0x40)
manage:enable(key=0x38, mods=0x40)
manage:enable(key=0x37, mods=0x40)
manage:enable(key=0x36, mods=0x40)
manage:enable(key=0x35, mods=0x40)
manage:enable(key=0x34, mods=0x40)
manage:enable(key=0x33, mods=0x40)
manage:enable(key=0x32, mods=0x40)
manage:enable(key=0x31, mods=0x40)
manage:enable(btn=273, mods=0x40)
manage:enable(btn=272, mods=0x40)
manage:op_end(seat0)
manage:clear_focus(seat0)
manage:op_end(seat0)
render:set_presentation_mode(FAKE-1, vsync)
render:set_presentation_mode(FAKE-1, vsync)

== check input rules add ==

== input rules mouse --name Logitech.* --natural-scroll enabled --accel-speed 0.5 ==
manage:clear_focus(seat0)
manage:op_end(seat0)
render:set_presentation_mode(FAKE-1, vsync)

== input rules mouse --name .* --left-handed enabled ==
manage:clear_focus(seat0)
manage:op_end(seat0)
render:set_presentation_mode(FAKE-1, vsync)

== input rules list ==
KIND   INDEX  PATTERN     CASE       SETTINGS
mouse  0      Logitech.*  sensitive  accel_speed=0.5 natural_scroll=true
mouse  1      .*          sensitive  left_handed=true
manage:clear_focus(seat0)
manage:op_end(seat0)
render:set_presentation_mode(FAKE-1, vsync)

== check input rules remove ==

== input rules mouse --name Logitech.* --natural-scroll enabled ==
manage:clear_focus(seat0)
manage:op_end(seat0)
render:set_presentation_mode(FAKE-1, vsync)

== input rules mouse --name .* --left-handed enabled ==
manage:clear_focus(seat0)
manage:op_end(seat0)
render:set_presentation_mode(FAKE-1, vsync)

== input rules mouse --name Razer.* --natural-scroll disabled ==
manage:clear_focus(seat0)
manage:op_end(seat0)
render:set_presentation_mode(FAKE-1, vsync)

== input rules mouse --name SteelSeries.* --accel-speed 0.5 ==
manage:clear_focus(seat0)
manage:op_end(seat0)
render:set_presentation_mode(FAKE-1, vsync)

== input rules mouse --name Kensington.* --scroll-factor 2.0 ==
manage:clear_focus(seat0)
manage:op_end(seat0)
render:set_presentation_mode(FAKE-1, vsync)

== input rules remove 0 ==
manage:clear_focus(seat0)
manage:op_end(seat0)
render:set_presentation_mode(FAKE-1, vsync)

== input rules list ==
KIND   INDEX  PATTERN        CASE       SETTINGS
mouse  0      .*             sensitive  left_handed=true
mouse  1      Razer.*        sensitive  natural_scroll=false
mouse  2      SteelSeries.*  sensitive  accel_speed=0.5
mouse  3      Kensington.*   sensitive  scroll_factor=2.0
manage:clear_focus(seat0)
manage:op_end(seat0)
render:set_presentation_mode(FAKE-1, vsync)

== input rules remove 5 ==
err: no input rule at the given index 5
manage:clear_focus(seat0)
manage:op_end(seat0)
render:set_presentation_mode(FAKE-1, vsync)

== input rules remove 0,2,3 ==
manage:clear_focus(seat0)
manage:op_end(seat0)
render:set_presentation_mode(FAKE-1, vsync)

== input rules list ==
KIND   INDEX  PATTERN  CASE       SETTINGS
mouse  0      Razer.*  sensitive  natural_scroll=false
manage:clear_focus(seat0)
manage:op_end(seat0)
render:set_presentation_mode(FAKE-1, vsync)

== check input touchpad settings ==

== input touchpad --name .* --click-method button-areas ==
manage:clear_focus(seat0)
manage:op_end(seat0)
render:set_presentation_mode(FAKE-1, vsync)

== input touchpad --name .* --tap enabled ==
manage:clear_focus(seat0)
manage:op_end(seat0)
render:set_presentation_mode(FAKE-1, vsync)

== input touchpad --name .* ==
err: Usage: oxctl input touchpad [--help] [OPTION]…
err: oxctl: give at least one setting flag
exit: 124

== check input mouse settings ==

== input mouse --name Logitech.* --natural-scroll enabled --accel-speed 0.5 ==
manage:clear_focus(seat0)
manage:op_end(seat0)
render:set_presentation_mode(FAKE-1, vsync)

== input mouse --name .* --left-handed enabled ==
manage:clear_focus(seat0)
manage:op_end(seat0)
render:set_presentation_mode(FAKE-1, vsync)

== input mouse --name .* ==
err: Usage: oxctl input mouse [--help] [OPTION]…
err: oxctl: give at least one setting flag
exit: 124
