== arrive ==
render:set_presentation_mode
render:set_presentation_mode
render:set_presentation_mode
manage:get_seat
manage:get_xkb_binding
manage:get_xkb_binding
manage:get_xkb_binding
manage:get_xkb_binding
manage:get_xkb_binding
manage:get_xkb_binding
manage:get_xkb_binding
manage:get_xkb_binding
manage:get_xkb_binding
manage:get_xkb_binding
manage:get_xkb_binding
manage:get_xkb_binding
manage:get_xkb_binding
manage:get_xkb_binding
manage:get_xkb_binding
manage:get_xkb_binding
manage:get_xkb_binding
manage:get_xkb_binding
manage:get_xkb_binding
manage:get_xkb_binding
manage:get_xkb_binding
manage:get_xkb_binding
manage:get_xkb_binding
manage:get_xkb_binding
manage:get_xkb_binding
manage:get_xkb_binding
manage:get_xkb_binding
manage:get_xkb_binding
manage:get_xkb_binding
manage:get_xkb_binding
manage:get_xkb_binding
manage:get_xkb_binding
manage:get_xkb_binding
manage:get_xkb_binding
manage:get_xkb_binding
manage:get_xkb_binding
manage:get_xkb_binding
manage:get_xkb_binding
manage:get_pointer_binding(seat0)
manage:get_pointer_binding(seat0)
manage:clear_focus(seat0)
manage:enable
manage:enable
manage:enable
manage:enable
manage:enable
manage:enable
manage:enable
manage:enable
manage:enable
manage:enable
manage:enable
manage:enable
manage:enable
manage:enable
manage:enable
manage:enable
manage:enable
manage:enable
manage:enable
manage:enable
manage:enable
manage:enable
manage:enable
manage:enable
manage:enable
manage:enable
manage:enable
manage:enable
manage:enable
manage:enable
manage:enable
manage:enable
manage:enable
manage:enable
manage:enable
manage:enable
manage:enable
manage:enable
manage:enable
manage:enable
manage:op_end(seat0)
manage:clear_focus(seat0)
manage:op_end(seat0)
render:set_presentation_mode
render:set_presentation_mode
== mouse rule ==
manage:clear_focus(seat0)
manage:op_end(seat0)
render:set_presentation_mode
== second mouse rule ==
manage:clear_focus(seat0)
manage:op_end(seat0)
render:set_presentation_mode
== rules list ==
0: mouse pattern=Logitech.* case=sensitive settings=accel_speed=0.5 natural_scroll=true
1: mouse pattern=.* case=sensitive settings=left_handed=true
manage:clear_focus(seat0)
manage:op_end(seat0)
render:set_presentation_mode
== rules remove ==
manage:clear_focus(seat0)
manage:op_end(seat0)
render:set_presentation_mode
== rules list again ==
0: mouse pattern=.* case=sensitive settings=left_handed=true
manage:clear_focus(seat0)
manage:op_end(seat0)
render:set_presentation_mode
== rules remove out of range ==
err: no input rule at index 5
manage:clear_focus(seat0)
manage:op_end(seat0)
render:set_presentation_mode
