
== arrive ==
render:set_presentation_mode(FAKE-1, vsync)
render:set_presentation_mode(FAKE-1, vsync)
render:set_presentation_mode(FAKE-1, vsync)
manage:get_seat
manage:get_xkb_binding(key=0x31, mods=0x40)
manage:get_xkb_binding(key=0x32, mods=0x40)
manage:get_xkb_binding(key=0x33, mods=0x40)
manage:get_xkb_binding(key=0x34, mods=0x40)
manage:get_xkb_binding(key=0x35, mods=0x40)
manage:get_xkb_binding(key=0x36, mods=0x40)
manage:get_xkb_binding(key=0x37, mods=0x40)
manage:get_xkb_binding(key=0x38, mods=0x40)
manage:get_xkb_binding(key=0x39, mods=0x40)
manage:get_xkb_binding(key=0xff0d, mods=0x40)
manage:get_xkb_binding(key=0x71, mods=0x40)
manage:get_xkb_binding(key=0x51, mods=0x40)
manage:get_xkb_binding(key=0x6a, mods=0x40)
manage:get_xkb_binding(key=0x6b, mods=0x40)
manage:get_xkb_binding(key=0x6c, mods=0x40)
manage:get_xkb_binding(key=0x68, mods=0x40)
manage:get_xkb_binding(key=0xff09, mods=0x40)
manage:get_xkb_binding(key=0xfe20, mods=0x40)
manage:get_xkb_binding(key=0x74, mods=0x40)
manage:get_xkb_binding(key=0x73, mods=0x40)
manage:get_xkb_binding(key=0x66, mods=0x40)
manage:get_xkb_binding(key=0x76, mods=0x40)
manage:get_xkb_binding(key=0x20, mods=0x40)
manage:get_xkb_binding(key=0x4a, mods=0x40)
manage:get_xkb_binding(key=0x4b, mods=0x40)
manage:get_xkb_binding(key=0x79, mods=0x40)
manage:get_xkb_binding(key=0x69, mods=0x40)
manage:get_xkb_binding(key=0x7a, mods=0x40)
manage:get_xkb_binding(key=0x78, mods=0x40)
manage:get_xkb_binding(key=0x63, mods=0x40)
manage:get_xkb_binding(key=0x2c, mods=0x40)
manage:get_xkb_binding(key=0x2e, mods=0x40)
manage:get_xkb_binding(key=0x6c, mods=0x44)
manage:get_xkb_binding(key=0x68, mods=0x44)
manage:get_xkb_binding(key=0x2d, mods=0x40)
manage:get_xkb_binding(key=0x3d, mods=0x40)
manage:get_xkb_binding(key=0x72, mods=0x40)
manage:get_xkb_binding(key=0x52, mods=0x40)
manage:get_pointer_binding(seat0, btn=272, mods=0x40)
manage:get_pointer_binding(seat0, btn=273, mods=0x40)
manage:clear_focus(seat0)
manage:enable(key=0x52, mods=0x40)
manage:enable(key=0x72, mods=0x40)
manage:enable(key=0x3d, mods=0x40)
manage:enable(key=0x2d, mods=0x40)
manage:enable(key=0x68, mods=0x44)
manage:enable(key=0x6c, mods=0x44)
manage:enable(key=0x2e, mods=0x40)
manage:enable(key=0x2c, mods=0x40)
manage:enable(key=0x63, mods=0x40)
manage:enable(key=0x78, mods=0x40)
manage:enable(key=0x7a, mods=0x40)
manage:enable(key=0x69, mods=0x40)
manage:enable(key=0x79, mods=0x40)
manage:enable(key=0x4b, mods=0x40)
manage:enable(key=0x4a, mods=0x40)
manage:enable(key=0x20, mods=0x40)
manage:enable(key=0x76, mods=0x40)
manage:enable(key=0x66, mods=0x40)
manage:enable(key=0x73, mods=0x40)
manage:enable(key=0x74, mods=0x40)
manage:enable(key=0xfe20, mods=0x40)
manage:enable(key=0xff09, mods=0x40)
manage:enable(key=0x68, mods=0x40)
manage:enable(key=0x6c, mods=0x40)
manage:enable(key=0x6b, mods=0x40)
manage:enable(key=0x6a, mods=0x40)
manage:enable(key=0x51, mods=0x40)
manage:enable(key=0x71, mods=0x40)
manage:enable(key=0xff0d, mods=0x40)
manage:enable(key=0x39, mods=0x40)
manage:enable(key=0x38, mods=0x40)
manage:enable(key=0x37, mods=0x40)
manage:enable(key=0x36, mods=0x40)
manage:enable(key=0x35, mods=0x40)
manage:enable(key=0x34, mods=0x40)
manage:enable(key=0x33, mods=0x40)
manage:enable(key=0x32, mods=0x40)
manage:enable(key=0x31, mods=0x40)
manage:enable(btn=273, mods=0x40)
manage:enable(btn=272, mods=0x40)
manage:op_end(seat0)
manage:clear_focus(seat0)
manage:op_end(seat0)
render:set_presentation_mode(FAKE-1, vsync)
render:set_presentation_mode(FAKE-1, vsync)

== check scratchpad rule ==

== window rules add --app-id=qalculate --scratchpad=calc --float ==
manage:focus_window(seat0, firefox)
manage:op_end(seat0)
render:place_top(emacs)
render:place_top(firefox)
render:set_presentation_mode(FAKE-1, vsync)

== qalculate arrives ==
manage:get_node(qalculate)
manage:set_capabilities(qalculate, caps=0x4)
manage:propose_dimensions(qalculate, 960x540)
manage:set_tiled(qalculate, edges=0x0)
manage:use_ssd(qalculate)
manage:inform_unmaximized(qalculate)
manage:inform_not_fullscreen(qalculate)
manage:inform_resize_end(qalculate)
manage:focus_window(seat0, qalculate)
manage:op_end(seat0)
manage:focus_window(seat0, qalculate)
manage:op_end(seat0)
render:set_borders(qalculate, edges=0xf, w=4, rgba=7f7f7f7f b4b4b4b4 cacacaca ffffffff)
render:set_borders(firefox, edges=0xf, w=4, rgba=72727272 71717171 69696969 ffffffff)
render:set_position(qalculate, 480, 270)
render:show(qalculate)
render:set_clip_box(qalculate, 0, 0, 0x0)
render:set_content_clip_box(qalculate, 0, 0, 0x0)
render:place_top(emacs)
render:place_top(firefox)
render:place_top(qalculate)
render:set_presentation_mode(FAKE-1, vsync)
render:place_top(emacs)
render:place_top(firefox)
render:place_top(qalculate)
render:set_presentation_mode(FAKE-1, vsync)

== scratchpad toggle calc ==
manage:focus_window(seat0, firefox)
manage:op_end(seat0)
render:set_borders(qalculate, edges=0xf, w=4, rgba=72727272 71717171 69696969 ffffffff)
render:set_borders(firefox, edges=0xf, w=4, rgba=7f7f7f7f b4b4b4b4 cacacaca ffffffff)
render:hide(qalculate)
render:place_top(emacs)
render:place_top(firefox)
render:set_presentation_mode(FAKE-1, vsync)
manage:focus_window(seat0, firefox)
manage:op_end(seat0)
render:place_top(emacs)
render:place_top(firefox)
render:set_presentation_mode(FAKE-1, vsync)

== window list ==
ID  IDENTIFIER  TITLE      APP-ID     OUTPUT  TAGS  FOCUSED  URGENT  CAPTURED  HIDDEN  PRESENTATION  STICKY  SCRATCHPAD  STASHED  SWALLOWING  LABELS
3   null        qalculate  qalculate  FAKE-1  1     false    false   false     true    floating      off     calc        true     false
2   null        firefox    firefox    FAKE-1  1     true     false   false     false   tiled         off     null        false    false
1   null        emacs      emacs      FAKE-1  1     false    false   false     false   tiled         off     null        false    false
manage:focus_window(seat0, firefox)
manage:op_end(seat0)
render:place_top(emacs)
render:place_top(firefox)
render:set_presentation_mode(FAKE-1, vsync)

== scratchpad toggle calc ==
manage:focus_window(seat0, qalculate)
manage:op_end(seat0)
render:set_borders(qalculate, edges=0xf, w=4, rgba=7f7f7f7f b4b4b4b4 cacacaca ffffffff)
render:set_borders(firefox, edges=0xf, w=4, rgba=72727272 71717171 69696969 ffffffff)
render:show(qalculate)
render:place_top(emacs)
render:place_top(firefox)
render:place_top(qalculate)
render:set_presentation_mode(FAKE-1, vsync)
manage:focus_window(seat0, qalculate)
manage:op_end(seat0)
render:place_top(emacs)
render:place_top(firefox)
render:place_top(qalculate)
render:set_presentation_mode(FAKE-1, vsync)

== window list ==
ID  IDENTIFIER  TITLE      APP-ID     OUTPUT  TAGS  FOCUSED  URGENT  CAPTURED  HIDDEN  PRESENTATION  STICKY  SCRATCHPAD  STASHED  SWALLOWING  LABELS
3   null        qalculate  qalculate  FAKE-1  1     true     false   false     false   floating      off     calc        false    false
2   null        firefox    firefox    FAKE-1  1     false    false   false     false   tiled         off     null        false    false
1   null        emacs      emacs      FAKE-1  1     false    false   false     false   tiled         off     null        false    false
manage:focus_window(seat0, qalculate)
manage:op_end(seat0)
render:place_top(emacs)
render:place_top(firefox)
render:place_top(qalculate)
render:set_presentation_mode(FAKE-1, vsync)

== window scratchpad clear --app-id ^qalculate$ ==
manage:focus_window(seat0, qalculate)
manage:op_end(seat0)
render:place_top(emacs)
render:place_top(firefox)
render:place_top(qalculate)
render:set_presentation_mode(FAKE-1, vsync)

== window list --app-id ^qalculate$ ==
ID  IDENTIFIER  TITLE      APP-ID     OUTPUT  TAGS  FOCUSED  URGENT  CAPTURED  HIDDEN  PRESENTATION  STICKY  SCRATCHPAD  STASHED  SWALLOWING  LABELS
3   null        qalculate  qalculate  FAKE-1  1     true     false   false     false   floating      off     null        false    false
manage:focus_window(seat0, qalculate)
manage:op_end(seat0)
render:place_top(emacs)
render:place_top(firefox)
render:place_top(qalculate)
render:set_presentation_mode(FAKE-1, vsync)

== qalculate closes ==
manage:destroy(qalculate)
manage:destroy(qalculate)
manage:focus_window(seat0, firefox)
manage:op_end(seat0)
manage:focus_window(seat0, firefox)
manage:op_end(seat0)
render:set_borders(firefox, edges=0xf, w=4, rgba=7f7f7f7f b4b4b4b4 cacacaca ffffffff)
render:place_top(emacs)
render:place_top(firefox)
render:set_presentation_mode(FAKE-1, vsync)
render:place_top(emacs)
render:place_top(firefox)
render:set_presentation_mode(FAKE-1, vsync)

== check scratchpad add toggle ==

== scratchpad toggle ==
err: no scratchpad named "scratch"
manage:focus_window(seat0, firefox)
manage:op_end(seat0)
render:place_top(emacs)
render:place_top(firefox)
render:set_presentation_mode(FAKE-1, vsync)

== window scratchpad add notes --app-id ^firefox$ ==
manage:focus_window(seat0, firefox)
manage:op_end(seat0)
render:place_top(emacs)
render:place_top(firefox)
render:set_presentation_mode(FAKE-1, vsync)

== window list --app-id ^firefox$ ==
ID  IDENTIFIER  TITLE    APP-ID   OUTPUT  TAGS  FOCUSED  URGENT  CAPTURED  HIDDEN  PRESENTATION  STICKY  SCRATCHPAD  STASHED  SWALLOWING  LABELS
5   null        firefox  firefox  FAKE-1  1     true     false   false     false   tiled         off     notes       false    false
manage:focus_window(seat0, firefox)
manage:op_end(seat0)
render:place_top(emacs)
render:place_top(firefox)
render:set_presentation_mode(FAKE-1, vsync)

== scratchpad toggle notes ==
manage:propose_dimensions(emacs, 1872x1032)
manage:focus_window(seat0, emacs)
manage:op_end(seat0)
render:set_borders(firefox, edges=0xf, w=4, rgba=72727272 71717171 69696969 ffffffff)
render:set_borders(emacs, edges=0xf, w=4, rgba=7f7f7f7f b4b4b4b4 cacacaca ffffffff)
render:hide(firefox)
render:set_position(emacs, 24, 24)
render:place_top(emacs)
render:set_presentation_mode(FAKE-1, vsync)
manage:focus_window(seat0, emacs)
manage:op_end(seat0)
render:place_top(emacs)
render:set_presentation_mode(FAKE-1, vsync)

== window list --app-id ^firefox$ ==
ID  IDENTIFIER  TITLE    APP-ID   OUTPUT  TAGS  FOCUSED  URGENT  CAPTURED  HIDDEN  PRESENTATION  STICKY  SCRATCHPAD  STASHED  SWALLOWING  LABELS
5   null        firefox  firefox  FAKE-1  1     false    false   false     true    tiled         off     notes       true     false
manage:focus_window(seat0, emacs)
manage:op_end(seat0)
render:place_top(emacs)
render:set_presentation_mode(FAKE-1, vsync)

== scratchpad toggle notes ==
manage:propose_dimensions(firefox, 960x540)
manage:set_tiled(firefox, edges=0x0)
manage:focus_window(seat0, firefox)
manage:op_end(seat0)
render:set_borders(firefox, edges=0xf, w=4, rgba=7f7f7f7f b4b4b4b4 cacacaca ffffffff)
render:set_borders(emacs, edges=0xf, w=4, rgba=72727272 71717171 69696969 ffffffff)
render:set_position(firefox, 480, 270)
render:show(firefox)
render:place_top(emacs)
render:place_top(firefox)
render:set_presentation_mode(FAKE-1, vsync)
manage:focus_window(seat0, firefox)
manage:op_end(seat0)
render:place_top(emacs)
render:place_top(firefox)
render:set_presentation_mode(FAKE-1, vsync)

== window list --app-id ^firefox$ ==
ID  IDENTIFIER  TITLE    APP-ID   OUTPUT  TAGS  FOCUSED  URGENT  CAPTURED  HIDDEN  PRESENTATION  STICKY  SCRATCHPAD  STASHED  SWALLOWING  LABELS
5   null        firefox  firefox  FAKE-1  1     true     false   false     false   floating      off     notes       false    false
manage:focus_window(seat0, firefox)
manage:op_end(seat0)
render:place_top(emacs)
render:place_top(firefox)
render:set_presentation_mode(FAKE-1, vsync)

== check overview with stashed ==

== window scratchpad add notes --app-id ^firefox$ ==
manage:focus_window(seat0, firefox)
manage:op_end(seat0)
render:place_top(emacs)
render:place_top(firefox)
render:set_presentation_mode(FAKE-1, vsync)

== scratchpad toggle notes ==
manage:propose_dimensions(emacs, 1872x1032)
manage:focus_window(seat0, emacs)
manage:op_end(seat0)
render:set_borders(firefox, edges=0xf, w=4, rgba=72727272 71717171 69696969 ffffffff)
render:set_borders(emacs, edges=0xf, w=4, rgba=7f7f7f7f b4b4b4b4 cacacaca ffffffff)
render:hide(firefox)
render:set_position(emacs, 24, 24)
render:place_top(emacs)
render:set_presentation_mode(FAKE-1, vsync)
manage:focus_window(seat0, emacs)
manage:op_end(seat0)
render:place_top(emacs)
render:set_presentation_mode(FAKE-1, vsync)

== output overview ==
manage:propose_dimensions(emacs, 1892x517)
manage:focus_window(seat0, emacs)
manage:op_end(seat0)
render:set_position(emacs, 14, 14)
render:place_top(emacs)
render:set_presentation_mode(FAKE-1, vsync)
manage:focus_window(seat0, emacs)
manage:op_end(seat0)
render:place_top(emacs)
render:set_presentation_mode(FAKE-1, vsync)

== window list ==
ID  IDENTIFIER  TITLE    APP-ID   OUTPUT  TAGS  FOCUSED  URGENT  CAPTURED  HIDDEN  PRESENTATION  STICKY  SCRATCHPAD  STASHED  SWALLOWING  LABELS
7   null        firefox  firefox  FAKE-1  1     false    false   false     true    tiled         off     notes       true     false
6   null        emacs    emacs    FAKE-1  1     true     false   false     false   tiled         off     null        false    false
manage:focus_window(seat0, emacs)
manage:op_end(seat0)
render:place_top(emacs)
render:set_presentation_mode(FAKE-1, vsync)

== output overview ==
manage:propose_dimensions(emacs, 1872x1032)
manage:focus_window(seat0, emacs)
manage:op_end(seat0)
render:set_position(emacs, 24, 24)
render:place_top(emacs)
render:set_presentation_mode(FAKE-1, vsync)
manage:focus_window(seat0, emacs)
manage:op_end(seat0)
render:place_top(emacs)
render:set_presentation_mode(FAKE-1, vsync)

== scratchpad toggle notes ==
manage:propose_dimensions(firefox, 960x540)
manage:set_tiled(firefox, edges=0x0)
manage:focus_window(seat0, firefox)
manage:op_end(seat0)
render:set_borders(firefox, edges=0xf, w=4, rgba=7f7f7f7f b4b4b4b4 cacacaca ffffffff)
render:set_borders(emacs, edges=0xf, w=4, rgba=72727272 71717171 69696969 ffffffff)
render:set_position(firefox, 480, 270)
render:show(firefox)
render:place_top(emacs)
render:place_top(firefox)
render:set_presentation_mode(FAKE-1, vsync)
manage:focus_window(seat0, firefox)
manage:op_end(seat0)
render:place_top(emacs)
render:place_top(firefox)
render:set_presentation_mode(FAKE-1, vsync)
